06-14 15:00:34.795  9560  9609 E AndroidRuntime: FATAL EXCEPTION: pool-2-thread-1
06-14 15:00:34.795  9560  9609 E AndroidRuntime: Process: com.jpm.app, PID: 9560
06-14 15:00:34.795  9560  9609 E AndroidRuntime: java.lang.NoClassDefFoundError: Failed resolution of: Lexpo/modules/kotlin/types/AnyTypeCache;
06-14 15:00:34.795  9560  9609 E AndroidRuntime: 	at expo.modules.clipboard.ClipboardModule.definition(ClipboardModule.kt:277)
06-14 15:00:34.795  9560  9609 E AndroidRuntime: 	at expo.modules.kotlin.ModuleHolder.<init>(ModuleHolder.kt:22)
06-14 15:00:34.795  9560  9609 E AndroidRuntime: 	at expo.modules.kotlin.ModuleRegistry.register(ModuleRegistry.kt:27)
06-14 15:00:34.795  9560  9609 E AndroidRuntime: 	at expo.modules.kotlin.ModuleRegistry.register(ModuleRegistry.kt:47)
06-14 15:00:34.795  9560  9609 E AndroidRuntime: 	at expo.modules.kotlin.AppContext.<init>(AppContext.kt:120)
06-14 15:00:34.795  9560  9609 E AndroidRuntime: 	at expo.modules.kotlin.KotlinInteropModuleRegistry.<init>(KotlinInteropModuleRegistry.kt:23)
06-14 15:00:34.795  9560  9609 E AndroidRuntime: 	at expo.modules.adapters.react.NativeModulesProxy.<init>(NativeModulesProxy.java:45)
06-14 15:00:34.795  9560  9609 E AndroidRuntime: 	at expo.modules.adapters.react.ModuleRegistryAdapter.getOrCreateNativeModulesProxy(ModuleRegistryAdapter.java:135)
06-14 15:00:34.795  9560  9609 E AndroidRuntime: 	at expo.modules.adapters.react.ModuleRegistryAdapter.createNativeModules(ModuleRegistryAdapter.java:64)
06-14 15:00:34.795  9560  9609 E AndroidRuntime: 	at expo.modules.ExpoModulesPackage.createNativeModules(ExpoModulesPackage.kt:35)
06-14 15:00:34.795  9560  9609 E AndroidRuntime: 	at com.facebook.react.ReactPackageTurboModuleManagerDelegate.initialize(ReactPackageTurboModuleManagerDelegate.kt:87)
06-14 15:00:34.795  9560  9609 E AndroidRuntime: 	at com.facebook.react.ReactPackageTurboModuleManagerDelegate.<init>(ReactPackageTurboModuleManagerDelegate.kt:45)
06-14 15:00:34.795  9560  9609 E AndroidRuntime: 	at com.facebook.react.defaults.DefaultTurboModuleManagerDelegate.<init>(DefaultTurboModuleManagerDelegate.kt:35)
06-14 15:00:34.795  9560  9609 E AndroidRuntime: 	at com.facebook.react.defaults.DefaultTurboModuleManagerDelegate.<init>(Unknown Source:0)
06-14 15:00:34.795  9560  9609 E AndroidRuntime: 	at com.facebook.react.defaults.DefaultTurboModuleManagerDelegate$Builder.build(DefaultTurboModuleManagerDelegate.kt:62)
06-14 15:00:34.795  9560  9609 E AndroidRuntime: 	at com.facebook.react.defaults.DefaultTurboModuleManagerDelegate$Builder.build(DefaultTurboModuleManagerDelegate.kt:42)
06-14 15:00:34.795  9560  9609 E AndroidRuntime: 	at com.facebook.react.ReactPackageTurboModuleManagerDelegate$Builder.build(ReactPackageTurboModuleManagerDelegate.kt:241)
06-14 15:00:34.795  9560  9609 E AndroidRuntime: 	at com.facebook.react.runtime.ReactInstance.<init>(ReactInstance.kt:168)
06-14 15:00:34.795  9560  9609 E AndroidRuntime: 	at com.facebook.react.runtime.ReactHostImpl.getOrCreateReactInstanceTask$lambda$41$lambda$38(ReactHostImpl.kt:920)
06-14 15:00:34.795  9560  9609 E AndroidRuntime: 	at com.facebook.react.runtime.ReactHostImpl.$r8$lambda$LQY77bFECGrnkUqd7Ku55sJ721A(Unknown Source:0)
06-14 15:00:34.795  9560  9609 E AndroidRuntime: 	at com.facebook.react.runtime.ReactHostImpl$$ExternalSyntheticLambda11.then(D8$$SyntheticClass:0)
06-14 15:00:34.795  9560  9609 E AndroidRuntime: 	at com.facebook.react.runtime.internal.bolts.Task$Companion.completeImmediately$lambda$3(Task.kt:356)
06-14 15:00:34.795  9560  9609 E AndroidRuntime: 	at com.facebook.react.runtime.internal.bolts.Task$Companion.$r8$lambda$b7MTC0ufkn_2TjF4BGcNqGR9qK0(Unknown Source:0)
06-14 15:00:34.795  9560  9609 E AndroidRuntime: 	at com.facebook.react.runtime.internal.bolts.Task$Companion$$ExternalSyntheticLambda3.run(D8$$SyntheticClass:0)
06-14 15:00:34.795  9560  9609 E AndroidRuntime: 	at com.facebook.react.runtime.internal.bolts.Executors$ImmediateExecutor.execute(Executors.kt:41)
06-14 15:00:34.795  9560  9609 E AndroidRuntime: 	at com.facebook.react.runtime.internal.bolts.Task$Companion.completeImmediately(Task.kt:354)
06-14 15:00:34.795  9560  9609 E AndroidRuntime: 	at com.facebook.react.runtime.internal.bolts.Task$Companion.access$completeImmediately(Task.kt:250)
06-14 15:00:34.795  9560  9609 E AndroidRuntime: 	at com.facebook.react.runtime.internal.bolts.Task.continueWith(Task.kt:132)
06-14 15:00:34.795  9560  9609 E AndroidRuntime: 	at com.facebook.react.runtime.internal.bolts.Task.continueWith$default(Task.kt:117)
06-14 15:00:34.795  9560  9609 E AndroidRuntime: 	at com.facebook.react.runtime.internal.bolts.Task.onSuccess$lambda$12(Task.kt:174)
06-14 15:00:34.795  9560  9609 E AndroidRuntime: 	at com.facebook.react.runtime.internal.bolts.Task.$r8$lambda$l0wwo5AvbHxlwfI1R7CH_codxoo(Unknown Source:0)
06-14 15:00:34.795  9560  9609 E AndroidRuntime: 	at com.facebook.react.runtime.internal.bolts.Task$$ExternalSyntheticLambda2.then(D8$$SyntheticClass:0)
06-14 15:00:34.795  9560  9609 E AndroidRuntime: 	at com.facebook.react.runtime.internal.bolts.Task$Companion.completeAfterTask$lambda$5(Task.kt:390)
06-14 15:00:34.795  9560  9609 E AndroidRuntime: 	at com.facebook.react.runtime.internal.bolts.Task$Companion.$r8$lambda$IPpysnehFwANEiW061YzapkMdoE(Unknown Source:0)
06-14 15:00:34.795  9560  9609 E AndroidRuntime: 	at com.facebook.react.runtime.internal.bolts.Task$Companion$$ExternalSyntheticLambda4.run(D8$$SyntheticClass:0)
06-14 15:00:34.795  9560  9609 E AndroidRuntime: 	at java.util.concurrent.ThreadPoolExecutor.runWorker(ThreadPoolExecutor.java:1145)
06-14 15:00:34.795  9560  9609 E AndroidRuntime: 	at java.util.concurrent.ThreadPoolExecutor$Worker.run(ThreadPoolExecutor.java:644)
06-14 15:00:34.795  9560  9609 E AndroidRuntime: 	at java.lang.Thread.run(Thread.java:1012)
06-14 15:00:34.795  9560  9609 E AndroidRuntime: Caused by: java.lang.ClassNotFoundException: expo.modules.kotlin.types.AnyTypeCache
06-14 15:00:34.795  9560  9609 E AndroidRuntime: 	... 38 more
06-14 15:00:34.845   554  9621 I DropBoxManagerService: add tag=data_app_crash isTagEnabled=true flags=0x2
06-14 15:00:34.845  1535  2099 I Icing   : IndexChimeraService.getServiceInterface callingPackage=com.google.android.gms componentName=null serviceId=30
06-14 15:00:34.894   554  2228 W ActivityTaskManager:   Force finishing activity com.jpm.app/.MainActivity
06-14 15:00:34.899   772   820 V WindowManagerShell: Transition requested: android.os.BinderProxy@9f99345 TransitionRequestInfo { type = CLOSE, triggerTask = null, remoteTransition = null, displayChange = null }
06-14 15:00:34.899  1535  4432 W Icing   : No valid account for uploading user actions
06-14 15:00:34.973  1535  4432 I Icing   : Usage reports ok 0, Failed Usage reports 0, indexed 0, rejected 0
06-14 15:00:35.010   772   820 W Looper  : Slow dispatch took 112ms wmshell.main h=android.os.Handler c=com.android.wm.shell.transition.Transitions$TransitionPlayerImpl$$ExternalSyntheticLambda1@680ea9a m=0
06-14 15:00:35.010   554  1250 W system_server: Long monitor contention with owner binder:554_1E (2228) at android.content.res.Configuration com.android.server.wm.ActivityTaskManagerService.getGlobalConfigurationForPid(int)(ActivityTaskManagerService.java:1133) waiters=3 in void com.android.server.wm.ActivityClientController.activityTopResumedStateLost() for 106ms
06-14 15:00:35.014   772   820 W Looper  : Slow delivery took 85ms wmshell.main h=android.os.Handler c=android.window.TaskOrganizer$1$$ExternalSyntheticLambda3@97affcb m=0
06-14 15:00:35.028  9560  9560 W unknown:BridgelessReact: ReactHost{0}.onHostPause(activity)
06-14 15:00:35.030  9560  9560 W unknown:BridgelessReact: ReactContext.onHostPause()
06-14 15:00:35.034  9560  9609 I Process : Sending signal. PID: 9560 SIG: 9
06-14 15:00:35.043   421   421 I BpBinder: onLastStrongRef automatically unlinking death recipients: 
06-14 15:00:35.119  1562  1562 I A       : onApplyWindowInsets: systemWindowInsets=Insets{left=0, top=66, right=0, bottom=66}
06-14 15:00:35.120  1562  1562 I A       : onApplyWindowInsets: systemWindowInsets=Insets{left=0, top=66, right=0, bottom=66}
06-14 15:00:35.082     0     0 W binder_debug: 14 callbacks suppressed
06-14 15:00:35.082     0     0 I binder  : undelivered TRANSACTION_COMPLETE
06-14 15:00:35.158   355   355 I Zygote  : Process 9560 exited due to signal 9 (Killed)
06-14 15:00:35.122     0     0 I binder  : undelivered transaction 1282882, process died.
06-14 15:00:35.122     0     0 I binder_alloc: 9560: binder_alloc_buf, no vma
06-14 15:00:35.187   156   156 W lowmemorykiller: Failed to open /proc/9560/oom_score_adj; errno=2: process 9560 might have been killed
06-14 15:00:35.128     0     0 I binder  : cannot allocate buffer: vma cleared, target dead or dying
06-14 15:00:35.132     0     0 I binder  : 554:579 transaction async to 9560:0 failed 1282947/29189/-3, size 84-0 line 3406
06-14 15:00:35.204   554  2007 I WindowManager: WIN DEATH: Window{8bab32 u0 com.jpm.app/com.jpm.app.MainActivity}
06-14 15:00:35.255   554  2007 W InputManager-JNI: Input channel object '8bab32 com.jpm.app/com.jpm.app.MainActivity (client)' was disposed without first being removed with the input manager!
06-14 15:00:35.264   554  2013 I ImeTracker: com.jpm.app:88241cc5: onRequestHide at ORIGIN_SERVER_HIDE_INPUT reason HIDE_REMOVE_CLIENT
06-14 15:00:35.266   554   579 E IPCThreadState: Binder transaction failure: 1282947/29189/-3
06-14 15:00:35.266   554  2013 I ImeTracker: com.jpm.app:88241cc5: onCancelled at PHASE_SERVER_SHOULD_HIDE
06-14 15:00:35.278  1068  1068 D AutofillManager: view is not autofillable - activity denied for autofill
06-14 15:00:35.298   772   820 W Looper  : Drained
06-14 15:00:35.300   554   590 I libprocessgroup: Successfully killed process cgroup uid 10193 pid 9560 in 0ms
06-14 15:00:35.308   554  2228 I ActivityManager: Process com.jpm.app (pid 9560) has died: prcp CRE 
06-14 15:00:35.332   554   598 W ProcessCpuTracker: Failed to stat(/proc/9560): android.system.ErrnoException: stat failed: ENOENT (No such file or directory)
06-14 15:00:35.335   554   598 W ProcessCpuTracker: Skipping unknown process pid 9560
06-14 15:00:35.380   554   579 V WindowManager: Unknown focus tokens, dropping reportFocusChanged
06-14 15:00:35.539   554   598 W system_server: Long monitor contention with owner batterystats-handler (594) at void com.android.server.am.BatteryStatsService.lambda$noteChangeWakelockFromSource$26(android.os.WorkSource, int, java.lang.String, java.lang.String, int, android.os.WorkSource, int, java.lang.String, java.lang.String, int, boolean, long, long)(BatteryStatsService.java:1184) waiters=0 in void com.android.server.am.AppProfiler.updateCpuStatsNow() for 201ms
06-14 15:00:35.636   554   580 W WindowManager: Failed to deliver inset control state change to w=Window{8bab32 u0 com.jpm.app/com.jpm.app.MainActivity EXITING}
06-14 15:00:35.636   554   580 W WindowManager: android.os.DeadObjectException
06-14 15:00:35.636   554   580 W WindowManager: 	at android.os.BinderProxy.transactNative(Native Method)
06-14 15:00:35.636   554   580 W WindowManager: 	at android.os.BinderProxy.transact(BinderProxy.java:584)
06-14 15:00:35.636   554   580 W WindowManager: 	at android.view.IWindow$Stub$Proxy.insetsControlChanged(IWindow.java:479)
06-14 15:00:35.636   554   580 W WindowManager: 	at com.android.server.wm.WindowState.notifyInsetsControlChanged(WindowState.java:3802)
06-14 15:00:35.636   554   580 W WindowManager: 	at com.android.server.wm.InsetsStateController.lambda$notifyPendingInsetsControlChanged$3(InsetsStateController.java:343)
06-14 15:00:35.636   554   580 W WindowManager: 	at com.android.server.wm.InsetsStateController.$r8$lambda$8yykPRG1GyNq_J17QvL9d5xANMc(InsetsStateController.java:0)
06-14 15:00:35.636   554   580 W WindowManager: 	at com.android.server.wm.InsetsStateController$$ExternalSyntheticLambda2.run(R8$$SyntheticClass:0)
06-14 15:00:35.636   554   580 W WindowManager: 	at com.android.server.wm.WindowAnimator.executeAfterPrepareSurfacesRunnables(WindowAnimator.java:294)
06-14 15:00:35.636   554   580 W WindowManager: 	at com.android.server.wm.WindowAnimator.animate(WindowAnimator.java:202)
06-14 15:00:35.636   554   580 W WindowManager: 	at com.android.server.wm.WindowAnimator.lambda$new$1(WindowAnimator.java:99)
06-14 15:00:35.636   554   580 W WindowManager: 	at com.android.server.wm.WindowAnimator.$r8$lambda$aHNu1uhcqxihX5NZc4McDDQPAyw(WindowAnimator.java:0)
06-14 15:00:35.636   554   580 W WindowManager: 	at com.android.server.wm.WindowAnimator$$ExternalSyntheticLambda1.doFrame(R8$$SyntheticClass:0)
06-14 15:00:35.636   554   580 W WindowManager: 	at android.view.Choreographer$CallbackRecord.run(Choreographer.java:1337)
06-14 15:00:35.636   554   580 W WindowManager: 	at android.view.Choreographer$CallbackRecord.run(Choreographer.java:1348)
06-14 15:00:35.636   554   580 W WindowManager: 	at android.view.Choreographer.doCallbacks(Choreographer.java:952)
06-14 15:00:35.636   554   580 W WindowManager: 	at android.view.Choreographer.doFrame(Choreographer.java:878)
06-14 15:00:35.636   554   580 W WindowManager: 	at android.view.Choreographer$FrameDisplayEventReceiver.run(Choreographer.java:1322)
06-14 15:00:35.636   554   580 W WindowManager: 	at android.os.Handler.handleCallback(Handler.java:958)
06-14 15:00:35.636   554   580 W WindowManager: 	at android.os.Handler.dispatchMessage(Handler.java:99)
06-14 15:00:35.636   554   580 W WindowManager: 	at android.os.Looper.loopOnce(Looper.java:205)
06-14 15:00:35.636   554   580 W WindowManager: 	at android.os.Looper.loop(Looper.java:294)
06-14 15:00:35.636   554   580 W WindowManager: 	at android.os.HandlerThread.run(HandlerThread.java:67)
06-14 15:00:35.636   554   580 W WindowManager: 	at com.android.server.ServiceThread.run(ServiceThread.java:46)
06-14 15:00:35.736   554  1461 W AppSearchIcing: icing-search-engine.cc:283: Error: 5, Message: Document (com.google.android.googlequicksearchbox$OneSearchZeroStateGoogleSuggestions/default, zp) not found.
06-14 15:00:35.763  1068  1790 D OneSearchSuggestProvider: Created the binder channel successfully for end point service =com.google.android.apps.search.googleapp.search.suggest.plugins.onesearch.server.OneSearchSuggestService , mChannel=z1{delegate=s1{logId=29, target=directaddress:///AndroidComponentAddress%5BIntent%20%7B%20act=grpc.io.action.BIND%20cmp=com.google.android.googlequicksearchbox/com.google.android.apps.search.googleapp.search.suggest.plugins.onesearch.server.OneSearchSuggestService%20%7D%5D}} , mOneSearchConnection=X1.T@bfa13b2
06-14 15:00:35.805   554   577 W Looper  : Slow dispatch took 510ms android.ui h=com.android.server.am.ActivityManagerService$UiHandler c=com.android.server.am.UidObserverController$$ExternalSyntheticLambda0@4bf7be5 m=0
06-14 15:00:35.811   554   577 W Looper  : Slow delivery took 429ms android.ui h=com.android.server.wm.DisplayPolicy$PolicyHandler c=com.android.server.wm.DisplayPolicy$$ExternalSyntheticLambda8@adf231b m=0
06-14 15:00:35.831   891  1178 D BtGatt.ScanManager: uid 10124 isForeground true scanMode -1
06-14 15:00:35.832   891  1178 D BtGatt.ScanManager: uid 10124 isForeground true scanMode -1
06-14 15:00:35.834   554   577 D DisplayManagerService: Drop pending events for gone uid 10193
06-14 15:00:35.853   554   577 W Looper  : Drained
06-14 15:00:35.854   554   576 V WindowManager: Sent Transition #37 createdAt=06-14 15:00:34.895 via request=TransitionRequestInfo { type = CLOSE, triggerTask = null, remoteTransition = null, displayChange = null }
06-14 15:00:35.855   554   576 V WindowManager:     startWCT=WindowContainerTransaction { changes = {} hops = [] errorCallbackToken=null taskFragmentOrganizer=null }
06-14 15:00:35.855   554   576 V WindowManager:     info={id=37 t=CLOSE f=0x10 trk=0 r=[0@Point(0, 0)] c=[{WCT{RemoteToken{4e7612a Task{6c9e35b #1 type=home}}} m=TO_FRONT f=SHOW_WALLPAPER|MOVE_TO_TOP leash=Surface(name=Task=1)/@0x2ddb257 sb=Rect(0, 0 - 1080, 2280) eb=Rect(0, 0 - 1080, 2280) d=0},{WCT{RemoteToken{41d37f6 Task{95eb696 #23 type=standard A=10193:com.jpm.app}}} m=CLOSE f=NONE leash=Surface(name=Task=23)/@0x3a9132a sb=Rect(0, 0 - 1080, 2280) eb=Rect(0, 0 - 1080, 2280) d=0},{null m=TO_FRONT f=IS_WALLPAPER leash=Surface(name=WallpaperWindowToken{c1c61ba token=android.os.Binder@ace68ae})/@0x39e67f1 sb=Rect(0, 0 - 1080, 2280) eb=Rect(0, 0 - 1080, 2280) d=0}]}
06-14 15:00:35.864   891  1178 D BtGatt.ScanManager: uid 10124 isForeground true scanMode -1
06-14 15:00:35.865   891  1178 D BtGatt.ScanManager: uid 10124 isForeground true scanMode -1
06-14 15:00:35.876   554  1639 W system_server: Long monitor contention with owner android.anim (580) at android.content.res.Configuration com.android.server.wm.ActivityTaskManagerService.getGlobalConfigurationForPid(int)(ActivityTaskManagerService.java:1133) waiters=0 in void com.android.server.wm.ActivityClientController.activityIdle(android.os.IBinder, android.content.res.Configuration, boolean) for 190ms
06-14 15:00:35.932   772   820 V WindowManagerShell: onTransitionReady android.os.BinderProxy@9f99345: {id=37 t=CLOSE f=0x10 trk=0 r=[0@Point(0, 0)] c=[{WCT{android.window.IWindowContainerToken$Stub$Proxy@f95a254} m=TO_FRONT f=SHOW_WALLPAPER|MOVE_TO_TOP leash=Surface(name=Task=1)/@0x550f3a8 sb=Rect(0, 0 - 1080, 2280) eb=Rect(0, 0 - 1080, 2280) d=0},{WCT{android.window.IWindowContainerToken$Stub$Proxy@b23e5fd} m=CLOSE f=NONE leash=Surface(name=Task=23)/@0x9a51ec1 sb=Rect(0, 0 - 1080, 2280) eb=Rect(0, 0 - 1080, 2280) d=0},{null m=TO_FRONT f=IS_WALLPAPER leash=Surface(name=WallpaperWindowToken{c1c61ba token=android.os.Binder@ace68ae})/@0x4f31666 sb=Rect(0, 0 - 1080, 2280) eb=Rect(0, 0 - 1080, 2280) d=0}]}
06-14 15:00:35.933   772   820 V WindowManagerShell: Playing animation for (#37)android.os.BinderProxy@9f99345@0
06-14 15:00:35.933   772   820 V WindowManagerShell:  try handler com.android.wm.shell.transition.DefaultMixedHandler@1b74f96
06-14 15:00:35.935   772   820 V WindowManagerShell:  try handler com.android.wm.shell.keyguard.KeyguardTransitionHandler@950c717
06-14 15:00:35.935   772   820 V WindowManagerShell:  try handler com.android.wm.shell.activityembedding.ActivityEmbeddingController@6d7f704
06-14 15:00:35.936   772   820 V WindowManagerShell:  try handler com.android.wm.shell.recents.RecentsTransitionHandler@84f94ed
06-14 15:00:35.936   772   820 V ShellRecents: RecentsTransitionHandler.startAnimation: no controller found
06-14 15:00:35.936   772   820 V WindowManagerShell:  try handler com.android.wm.shell.pip.PipTransition@590cf22
06-14 15:00:35.937   772   820 V WindowManagerShell:  try handler com.android.wm.shell.splitscreen.StageCoordinator@410bdb3
06-14 15:00:35.948   772   820 V WindowManagerShell:  try handler com.android.wm.shell.transition.RemoteTransitionHandler@5f7f70
06-14 15:00:35.948   772   820 V WindowManagerShell: Transition doesn't have explicit remote, search filters for match for {id=37 t=CLOSE f=0x10 trk=0 r=[0@Point(0, 0)] c=[{WCT{android.window.IWindowContainerToken$Stub$Proxy@f95a254} m=TO_FRONT f=SHOW_WALLPAPER|MOVE_TO_TOP leash=Surface(name=Task=1)/@0x550f3a8 sb=Rect(0, 0 - 1080, 2280) eb=Rect(0, 0 - 1080, 2280) d=0},{WCT{android.window.IWindowContainerToken$Stub$Proxy@b23e5fd} m=CLOSE f=NONE leash=Surface(name=Task=23)/@0x9a51ec1 sb=Rect(0, 0 - 1080, 2280) eb=Rect(0, 0 - 1080, 2280) d=0},{null m=TO_FRONT f=IS_WALLPAPER leash=Surface(name=WallpaperWindowToken{c1c61ba token=android.os.Binder@ace68ae})/@0x4f31666 sb=Rect(0, 0 - 1080, 2280) eb=Rect(0, 0 - 1080, 2280) d=0}]}
06-14 15:00:35.950   772   820 V WindowManagerShell:  Checking filter Pair{{types=[] flags=0x0] notFlags=0x0 checks=[{atype=dream independent=true modes=[OPEN,TO_FRONT] flags=NONE mustBeTask=false order=ANY topActivity=null},{atype=home independent=true modes=[CLOSE,TO_BACK] flags=NONE mustBeTask=false order=ANY topActivity=null}]} RemoteTransition { remoteTransition = android.window.IRemoteTransition$Stub$Proxy@d5bd139, appThread = android.app.IApplicationThread$Stub$Proxy@4eda37e, debugName = LauncherToDream }}
06-14 15:00:35.950   772   820 V WindowManagerShell:  Checking filter Pair{{types=[] flags=0x0] notFlags=0x100 checks=[{atype=home independent=true modes=[OPEN,TO_FRONT] flags=NONE mustBeTask=false order=TOP topActivity=ComponentInfo{com.google.android.apps.nexuslauncher/com.google.android.apps.nexuslauncher.NexusLauncherActivity}},{atype=standard independent=true modes=[CLOSE,TO_BACK] flags=NONE mustBeTask=false order=ANY topActivity=null}]} RemoteTransition { remoteTransition = android.window.IRemoteTransition$Stub$Proxy@27330df, appThread = android.app.IApplicationThread$Stub$Proxy@f69f12c, debugName = QuickstepLaunchHome }}
06-14 15:00:35.965   772   820 D RemoteTransitionHandler: Found filterPair{{types=[] flags=0x0] notFlags=0x100 checks=[{atype=home independent=true modes=[OPEN,TO_FRONT] flags=NONE mustBeTask=false order=TOP topActivity=ComponentInfo{com.google.android.apps.nexuslauncher/com.google.android.apps.nexuslauncher.NexusLauncherActivity}},{atype=standard independent=true modes=[CLOSE,TO_BACK] flags=NONE mustBeTask=false order=ANY topActivity=null}]} RemoteTransition { remoteTransition = android.window.IRemoteTransition$Stub$Proxy@27330df, appThread = android.app.IApplicationThread$Stub$Proxy@f69f12c, debugName = QuickstepLaunchHome }}
06-14 15:00:35.967   772   820 V WindowManagerShell:  Delegate animation for #37 to RemoteTransition { remoteTransition = android.window.IRemoteTransition$Stub$Proxy@27330df, appThread = android.app.IApplicationThread$Stub$Proxy@f69f12c, debugName = QuickstepLaunchHome }
06-14 15:00:35.976   772   873 D EGL_emulation: app_time_stats: avg=823.35ms min=189.21ms max=2040.51ms count=3
06-14 15:00:35.987  1437  1753 I AiAiEcho: Predicting[0]: 
06-14 15:00:35.995  1437  1753 I AiAiEcho: EchoTargets: 
06-14 15:00:35.995  1437  1753 I AiAiEcho: Filtered by AiAi flag check: 
06-14 15:00:36.051  1535  4432 I Icing   : Indexing com.google.android.gms-apps from com.google.android.gms
06-14 15:00:36.062  1562  1562 I A       : Created gRPC endpoint to "search" for service class com.google.android.apps.search.googleapp.search.suggest.plugins.onesearch.server.OneSearchSuggestService
06-14 15:00:36.093  1437  1753 I AiAiEcho: Ranked targets strategy: SORT, count: 0, ranking metadata: 
06-14 15:00:36.093   772   820 V WindowManagerShell:  animated by com.android.wm.shell.transition.RemoteTransitionHandler@5f7f70
06-14 15:00:36.093   772   820 W Looper  : Slow dispatch took 198ms wmshell.main h=android.os.Handler c=com.android.wm.shell.transition.Transitions$TransitionPlayerImpl$$ExternalSyntheticLambda0@d48fc0 m=0
06-14 15:00:36.094   772   820 W Looper  : Slow delivery took 201ms wmshell.main h=android.os.Handler c=android.window.TaskOrganizer$1$$ExternalSyntheticLambda3@ccde4f9 m=0
06-14 15:00:36.105  1437  1753 I AiAiEcho: #postPredictionTargets: Sending updates to UISurface home with targets# 0 (types=[])
06-14 15:00:36.255  1562  1562 W A       : Can't get WAA status for Mavatar!
06-14 15:00:36.255  1562  1562 W A       : java.lang.NullPointerException: Attempt to invoke virtual method 'java.lang.Class java.lang.Object.getClass()' on a null object reference
06-14 15:00:36.255  1562  1562 W A       : 	at com.google.apps.tiktok.dataservice.z.b(PG:1)
06-14 15:00:36.255  1562  1562 W A       : 	at com.google.apps.tiktok.dataservice.at.a(PG:1)
06-14 15:00:36.255  1562  1562 W A       : 	at com.google.apps.tiktok.tracing.ec.a(PG:2)
06-14 15:00:36.255  1562  1562 W A       : 	at com.google.common.util.concurrent.aj.a(PG:2)
06-14 15:00:36.255  1562  1562 W A       : 	at com.google.common.util.concurrent.ac.apply(PG:1)
06-14 15:00:36.255  1562  1562 W A       : 	at com.google.common.util.concurrent.h.e(PG:2)
06-14 15:00:36.255  1562  1562 W A       : 	at com.google.common.util.concurrent.j.run(PG:9)
06-14 15:00:36.255  1562  1562 W A       : 	at com.google.common.util.concurrent.bf.execute(PG:1)
06-14 15:00:36.255  1562  1562 W A       : 	at com.google.common.util.concurrent.d.i(PG:1)
06-14 15:00:36.255  1562  1562 W A       : 	at com.google.common.util.concurrent.d.l(PG:12)
06-14 15:00:36.255  1562  1562 W A       : 	at com.google.common.util.concurrent.d.n(PG:2)
06-14 15:00:36.255  1562  1562 W A       : 	at com.google.common.util.concurrent.i.f(PG:1)
06-14 15:00:36.255  1562  1562 W A       : 	at com.google.common.util.concurrent.j.run(PG:12)
06-14 15:00:36.255  1562  1562 W A       : 	at com.google.android.libraries.i.ae.run(PG:1)
06-14 15:00:36.255  1562  1562 W A       : 	at java.util.concurrent.ThreadPoolExecutor.runWorker(ThreadPoolExecutor.java:1145)
06-14 15:00:36.255  1562  1562 W A       : 	at java.util.concurrent.ThreadPoolExecutor$Worker.run(ThreadPoolExecutor.java:644)
06-14 15:00:36.255  1562  1562 W A       : 	at com.google.android.libraries.i.k.run(PG:2)
06-14 15:00:36.255  1562  1562 W A       : 	at com.google.android.libraries.i.p.run(PG:4)
06-14 15:00:36.255  1562  1562 W A       : 	at java.lang.Thread.run(Thread.java:1012)
06-14 15:00:36.341  1535  4432 I Icing   : Indexing com.google.android.gms-internal.3p:MobileApplication from com.google.android.gms
06-14 15:00:36.368  1535  4432 I Icing   : Indexing done com.google.android.gms-apps
06-14 15:00:36.387   554  1639 I ImeTracker: com.google.android.apps.nexuslauncher:6b259650: onRequestHide at ORIGIN_SERVER_HIDE_INPUT reason HIDE_UNSPECIFIED_WINDOW
06-14 15:00:36.388  1535  4432 I Icing   : Indexing done com.google.android.gms-internal.3p:MobileApplication
06-14 15:00:36.388   554  1639 I ImeTracker: com.google.android.apps.nexuslauncher:6b259650: onCancelled at PHASE_SERVER_SHOULD_HIDE
06-14 15:00:36.397  2315  2315 I GoogleInputMethodService: GoogleInputMethodService.onFinishInput():3227 
06-14 15:00:36.411  2315  2315 I GoogleInputMethodService: GoogleInputMethodService.updateDeviceLockedStatus():2087 repeatCheckTimes = 0, unlocked = true
06-14 15:00:36.417  2315  2315 I GoogleInputMethodService: GoogleInputMethodService.onStartInput():1877 onStartInput(EditorInfo{inputType=0x0(NULL) imeOptions=0x0 privateImeOptions=null actionName=UNSPECIFIED actionLabel=null actionId=0 initialSelStart=-1 initialSelEnd=-1 initialCapsMode=0x0 hintText=null label=null packageName=com.google.android.apps.nexuslauncher fieldId=0 fieldName=null extras=null}, false)
06-14 15:00:36.417  2315  2315 I GoogleInputMethodService: GoogleInputMethodService.shouldHideHeaderOnInitialState():4008 ShouldHideHeaderOnInitialState = false
06-14 15:00:36.420  2315  2315 I GoogleInputMethodService: GoogleInputMethodService.updateDeviceLockedStatus():2087 repeatCheckTimes = 2, unlocked = true
06-14 15:00:36.462   554   580 W WindowManager: Failed to deliver inset control state change to w=Window{8bab32 u0 com.jpm.app/com.jpm.app.MainActivity EXITING}
06-14 15:00:36.462   554   580 W WindowManager: android.os.DeadObjectException
06-14 15:00:36.462   554   580 W WindowManager: 	at android.os.BinderProxy.transactNative(Native Method)
06-14 15:00:36.462   554   580 W WindowManager: 	at android.os.BinderProxy.transact(BinderProxy.java:584)
06-14 15:00:36.462   554   580 W WindowManager: 	at android.view.IWindow$Stub$Proxy.insetsControlChanged(IWindow.java:479)
06-14 15:00:36.462   554   580 W WindowManager: 	at com.android.server.wm.WindowState.notifyInsetsControlChanged(WindowState.java:3802)
06-14 15:00:36.462   554   580 W WindowManager: 	at com.android.server.wm.InsetsStateController.lambda$notifyPendingInsetsControlChanged$3(InsetsStateController.java:343)
06-14 15:00:36.462   554   580 W WindowManager: 	at com.android.server.wm.InsetsStateController.$r8$lambda$8yykPRG1GyNq_J17QvL9d5xANMc(InsetsStateController.java:0)
06-14 15:00:36.462   554   580 W WindowManager: 	at com.android.server.wm.InsetsStateController$$ExternalSyntheticLambda2.run(R8$$SyntheticClass:0)
06-14 15:00:36.462   554   580 W WindowManager: 	at com.android.server.wm.WindowAnimator.executeAfterPrepareSurfacesRunnables(WindowAnimator.java:294)
06-14 15:00:36.462   554   580 W WindowManager: 	at com.android.server.wm.RootWindowContainer.performSurfacePlacementNoTrace(RootWindowContainer.java:811)
06-14 15:00:36.462   554   580 W WindowManager: 	at com.android.server.wm.RootWindowContainer.performSurfacePlacement(RootWindowContainer.java:756)
06-14 15:00:36.462   554   580 W WindowManager: 	at com.android.server.wm.WindowSurfacePlacer.performSurfacePlacementLoop(WindowSurfacePlacer.java:177)
06-14 15:00:36.462   554   580 W WindowManager: 	at com.android.server.wm.WindowSurfacePlacer.performSurfacePlacement(WindowSurfacePlacer.java:126)
06-14 15:00:36.462   554   580 W WindowManager: 	at com.android.server.wm.WindowSurfacePlacer.performSurfacePlacement(WindowSurfacePlacer.java:115)
06-14 15:00:36.462   554   580 W WindowManager: 	at com.android.server.wm.WindowSurfacePlacer$Traverser.run(WindowSurfacePlacer.java:57)
06-14 15:00:36.462   554   580 W WindowManager: 	at android.os.Handler.handleCallback(Handler.java:958)
06-14 15:00:36.462   554   580 W WindowManager: 	at android.os.Handler.dispatchMessage(Handler.java:99)
06-14 15:00:36.462   554   580 W WindowManager: 	at android.os.Looper.loopOnce(Looper.java:205)
06-14 15:00:36.462   554   580 W WindowManager: 	at android.os.Looper.loop(Looper.java:294)
06-14 15:00:36.462   554   580 W WindowManager: 	at android.os.HandlerThread.run(HandlerThread.java:67)
06-14 15:00:36.462   554   580 W WindowManager: 	at com.android.server.ServiceThread.run(ServiceThread.java:46)
06-14 15:00:36.539   772   820 W Looper  : Drained
06-14 15:00:36.539   772   820 W Looper  : Slow dispatch took 68ms wmshell.main h=android.os.Handler c=com.android.wm.shell.common.DisplayInsetsController$PerDisplay$DisplayWindowInsetsControllerImpl$$ExternalSyntheticLambda1@1048c3e m=0
06-14 15:00:36.552  1562  1562 I A       : onApplyWindowInsets: systemWindowInsets=Insets{left=0, top=66, right=0, bottom=66}
06-14 15:00:36.557  1562  1562 I A       : onApplyWindowInsets: systemWindowInsets=Insets{left=0, top=66, right=0, bottom=66}
06-14 15:00:36.726   772   772 D StatusBarIconController: ignoring old pipeline callbacks, because the new mobile icons are enabled
06-14 15:00:37.378  1068  1068 I Choreographer: Skipped 43 frames!  The application may be doing too much work on its main thread.
06-14 15:00:37.395   772   820 V WindowManagerShell: Transition animation finished (aborted=false), notifying core (#37)android.os.BinderProxy@9f99345@0
06-14 15:00:37.403   554   576 V WindowManager: Finish Transition #37: created at 06-14 15:00:34.895 collect-started=0.189ms request-sent=1.66ms started=111.808ms ready=190.689ms sent=957.914ms finished=2505.743ms
06-14 15:00:37.415   554  2228 W WindowManager: Exception thrown during dispatchAppVisibility Window{8bab32 u0 com.jpm.app/com.jpm.app.MainActivity EXITING}
06-14 15:00:37.415   554  2228 W WindowManager: android.os.DeadObjectException
06-14 15:00:37.415   554  2228 W WindowManager: 	at android.os.BinderProxy.transactNative(Native Method)
06-14 15:00:37.415   554  2228 W WindowManager: 	at android.os.BinderProxy.transact(BinderProxy.java:584)
06-14 15:00:37.415   554  2228 W WindowManager: 	at android.view.IWindow$Stub$Proxy.dispatchAppVisibility(IWindow.java:546)
06-14 15:00:37.415   554  2228 W WindowManager: 	at com.android.server.wm.WindowState.sendAppVisibilityToClients(WindowState.java:3271)
06-14 15:00:37.415   554  2228 W WindowManager: 	at com.android.server.wm.WindowContainer.sendAppVisibilityToClients(WindowContainer.java:1221)
06-14 15:00:37.415   554  2228 W WindowManager: 	at com.android.server.wm.WindowToken.setClientVisible(WindowToken.java:409)
06-14 15:00:37.415   554  2228 W WindowManager: 	at com.android.server.wm.ActivityRecord.setClientVisible(ActivityRecord.java:6946)
06-14 15:00:37.415   554  2228 W WindowManager: 	at com.android.server.wm.ActivityRecord.postApplyAnimation(ActivityRecord.java:5637)
06-14 15:00:37.415   554  2228 W WindowManager: 	at com.android.server.wm.ActivityRecord.commitVisibility(ActivityRecord.java:5580)
06-14 15:00:37.415   554  2228 W WindowManager: 	at com.android.server.wm.Transition.finishTransition(Transition.java:1151)
06-14 15:00:37.415   554  2228 W WindowManager: 	at com.android.server.wm.TransitionController.finishTransition(TransitionController.java:868)
06-14 15:00:37.415   554  2228 W WindowManager: 	at com.android.server.wm.WindowOrganizerController.finishTransition(WindowOrganizerController.java:396)
06-14 15:00:37.415   554  2228 W WindowManager: 	at android.window.IWindowOrganizerController$Stub.onTransact(IWindowOrganizerController.java:286)
06-14 15:00:37.415   554  2228 W WindowManager: 	at com.android.server.wm.WindowOrganizerController.onTransact(WindowOrganizerController.java:181)
06-14 15:00:37.415   554  2228 W WindowManager: 	at android.os.Binder.execTransactInternal(Binder.java:1344)
06-14 15:00:37.415   554  2228 W WindowManager: 	at android.os.Binder.execTransact(Binder.java:1275)
06-14 15:00:37.423   554  2228 I Process : Sending signal. PID: 9560 SIG: 9
06-14 15:00:37.447   772   820 V WindowManagerShell: Track 0 became idle
06-14 15:00:37.448   772   820 V WindowManagerShell: All active transition animations finished
06-14 15:00:37.448   772   820 W Looper  : Slow dispatch took 53ms wmshell.main h=android.os.Handler c=com.android.wm.shell.transition.RemoteTransitionHandler$1$$ExternalSyntheticLambda0@79eca9f m=0
06-14 15:00:37.457   554   579 W ActivityManager: setHasOverlayUi called on unknown pid: 9560
06-14 15:00:37.894   421   421 E BpTransactionCompletedListener: Failed to transact (-32)
06-14 15:00:38.125  1068  1089 I OpenGLRenderer: Davey! duration=846ms; Flags=0, FrameTimelineVsyncId=4600072, IntendedVsync=16266066897056, Vsync=16266100230388, InputEventId=0, HandleInputStart=16266113933912, AnimationStart=16266113980512, PerformTraversalsStart=16266115893512, DrawStart=16266116000412, FrameDeadline=16266200230384, FrameInterval=16266113902312, FrameStartTime=16666666, SyncQueued=16266116129112, SyncStart=16266236119512, IssueDrawCommandsStart=16266239128012, SwapBuffers=16266258167112, FrameCompleted=16267033796312, DequeueBufferDuration=717772200, QueueBufferDuration=6015300, GpuCompleted=16266314825012, SwapBuffersCompleted=16267033796312, DisplayPresentTime=0, CommandSubmissionCompleted=16266258167112, 
06-14 15:00:38.381  1068  1637 D EGL_emulation: app_time_stats: avg=493.83ms min=60.81ms max=1007.48ms count=4
06-14 15:00:38.387  1068  1068 D SearchTargetUtil:  query= size=15
06-14 15:00:38.389  1068  1068 D SearchTargetUtil: layoutType=short_icon_row resultType=131072 packageName=com.google.android.googlequicksearchbox extras=Bundle{suggestion_type=33,suggest_truncate_start=false,is_answer=false,is_entity=false,is_personal=false,suggest_raw_text=blue origin rocket,group_id=web2385869,response_id=161606a8-9cc5-4a68-9ac9-57ad2ebeeb71,support_query_builder=false,} searchAction=blue origin rocket searchActionExtras=Bundle{learn_more_url=https://support.google.com/websearch/answer/106230?hl=106230,suggestion_action_text=Report this,should_start_for_result=true,allow_pinning=true,skip_logging_in_target_handler=false,suggestion_action_rpc=2,}ParentID: null targetID: c668687b-cd16-4e15-801e-36511c136d49
06-14 15:00:38.391  1068  1068 D SearchTargetUtil: layoutType=short_icon_row resultType=131072 packageName=com.google.android.googlequicksearchbox extras=Bundle{suggestion_type=33,suggest_truncate_start=false,is_answer=false,is_entity=false,is_personal=false,suggest_raw_text=whatsapp channel status feature,group_id=web2385869,response_id=161606a8-9cc5-4a68-9ac9-57ad2ebeeb71,support_query_builder=false,} searchAction=whatsapp channel status feature searchActionExtras=Bundle{learn_more_url=https://support.google.com/websearch/answer/106230?hl=106230,suggestion_action_text=Report this,should_start_for_result=true,allow_pinning=true,skip_logging_in_target_handler=false,suggestion_action_rpc=2,}ParentID: null targetID: 4c099c63-6acb-4880-b570-aca2451d1343
06-14 15:00:38.391  1068  1068 D SearchTargetUtil: layoutType=short_icon_row resultType=131072 packageName=com.google.android.googlequicksearchbox extras=Bundle{suggestion_type=33,suggest_truncate_start=false,is_answer=false,is_entity=false,is_personal=false,suggest_raw_text=nactvet,group_id=web2385869,response_id=161606a8-9cc5-4a68-9ac9-57ad2ebeeb71,support_query_builder=false,} searchAction=nactvet searchActionExtras=Bundle{learn_more_url=https://support.google.com/websearch/answer/106230?hl=106230,suggestion_action_text=Report this,should_start_for_result=true,allow_pinning=true,skip_logging_in_target_handler=false,suggestion_action_rpc=2,}ParentID: null targetID: a0e6527c-e0da-4876-ab69-15f7e9f3fa89
06-14 15:00:38.392  1068  1068 D SearchTargetUtil: layoutType=short_icon_row resultType=131072 packageName=com.google.android.googlequicksearchbox extras=Bundle{suggestion_type=33,suggest_truncate_start=false,is_answer=false,is_entity=false,is_personal=false,suggest_raw_text=afcon u17,group_id=web2385869,response_id=161606a8-9cc5-4a68-9ac9-57ad2ebeeb71,support_query_builder=false,} searchAction=afcon u17 searchActionExtras=Bundle{learn_more_url=https://support.google.com/websearch/answer/106230?hl=106230,suggestion_action_text=Report this,should_start_for_result=true,allow_pinning=true,skip_logging_in_target_handler=false,suggestion_action_rpc=2,}ParentID: null targetID: 24a79fc7-a7b6-4b0e-aab7-baf40e05af67
06-14 15:00:38.392  1068  1068 D SearchTargetUtil: layoutType=short_icon_row resultType=131072 packageName=com.google.android.googlequicksearchbox extras=Bundle{suggestion_type=33,suggest_truncate_start=false,is_answer=false,is_entity=false,is_personal=false,suggest_raw_text=patoranking ft ruger shake that,group_id=web2385869,response_id=161606a8-9cc5-4a68-9ac9-57ad2ebeeb71,support_query_builder=false,} searchAction=patoranking ft ruger shake that searchActionExtras=Bundle{learn_more_url=https://support.google.com/websearch/answer/106230?hl=106230,suggestion_action_text=Report this,should_start_for_result=true,allow_pinning=true,skip_logging_in_target_handler=false,suggestion_action_rpc=2,}ParentID: null targetID: e8cae9ed-2f8f-40cb-82d1-63699e9eb666
06-14 15:00:38.399  1068  1068 D SearchTargetUtil: layoutType=extra_tall_icon_row resultType=131072 packageName=com.google.android.googlequicksearchbox extras=Bundle{bitmap_url=data:image/png;base64,iVBORw0KGgoAAAANSUhEUgAAAIYAAABZCAMAAADMz6xZAAAAG1BMVEUAK3/OESb80RYAI4F5b2f/1wn+1xXdZyLNACYFFm+FAAAAU0lEQVRoge3OSQEAIAwAoHnO/omtMN9CAiLqxly9bOdpdQ8LDQ0NDQ0NDQ0NDQ0NDQ0NDQ0NDQ0NDQ0NDQ0NDQ0NDQ0NDQ0NDQ0NDQ0NDQ2NDxoX4m43oRoT9+0AAAAASUVORK5CYII=,suggestion_type=33,suggest_truncate_start=false,is_answer=false,is_entity=true,is_personal=false,suggest_raw_text=romania,group_id=web2385869,response_id=161606a8-9cc5-4a68-9ac9-57ad2ebeeb71,support_query_builder=false,} searchAction=Romania searchActionExtras=Bundle{learn_more_url=https://support.google.com/websearch/answer/106230?hl=106230,suggestion_action_text=Report this,should_start_for_result=true,allow_pinning=true,skip_logging_in_target_handler=false,suggestion_action_rpc=2,}ParentID: null targetID: 2e509727-bd82-4177-94a5-75c9754f1810
06-14 15:00:38.423  1068  1068 D SearchTargetUtil: layoutType=short_icon_row resultType=131072 packageName=com.google.android.googlequicksearchbox extras=Bundle{suggestion_type=33,suggest_truncate_start=false,is_answer=false,is_entity=false,is_personal=false,suggest_raw_text=psg arsenal,group_id=web2385869,response_id=161606a8-9cc5-4a68-9ac9-57ad2ebeeb71,support_query_builder=false,} searchAction=psg arsenal searchActionExtras=Bundle{learn_more_url=https://support.google.com/websearch/answer/106230?hl=106230,suggestion_action_text=Report this,should_start_for_result=true,allow_pinning=true,skip_logging_in_target_handler=false,suggestion_action_rpc=2,}ParentID: null targetID: 68f3a8dc-6259-41bf-8486-1b947f4e40a2
06-14 15:00:38.423  1068  1068 D SearchTargetUtil: layoutType=extra_tall_icon_row resultType=131072 packageName=com.google.android.googlequicksearchbox extras=Bundle{bitmap_url=,suggestion_type=33,suggest_truncate_start=false,is_answer=false,is_entity=true,is_personal=false,suggest_raw_text=fifa world cup,group_id=web2385869,response_id=161606a8-9cc5-4a68-9ac9-57ad2ebeeb71,support_query_builder=false,} searchAction=FIFA World Cup searchActionExtras=Bundle{learn_more_url=https://support.google.com/websearch/answer/106230?hl=106230,suggestion_action_text=Report this,should_start_for_result=true,allow_pinning=true,skip_logging_in_target_handler=false,suggestion_action_rpc=2,}ParentID: null targetID: 342db3f7-c68e-4209-9029-70468e697598
06-14 15:00:38.424  1068  1068 D SearchTargetUtil: layoutType=extra_tall_icon_row resultType=131072 packageName=com.google.android.googlequicksearchbox extras=Bundle{bitmap_url=data:image/png;base64,iVBORw0KGgoAAAANSUhEUgAAAGgAAACGCAMAAAAGjD9hAAABMlBMVEX///8oKm/oFR4AAADnAAzwf4HrFBvsVlnoBxXrREroABIkJm3tZWgMEGYAAGImKG4RK3IAaj+/ID9aW43y8vZVV4v4+PsvMXTIt7DrPkQeIGsZHGkVGGh0PiPwExWggXV0dZ2lpr94RCtMTYSBgqXExNQ4Onnh4em5us0AYC8ABmOOj67Mzds/QX1kZZGbnLjY5uA6XjrUx8JfKmORJE+KJVN7KVupIEPGHzqjIUacI0uCJVRwKWB2gqj7ionH2M+Yu6otelZ2pI4oZj3QFB9tTzSpxLdlUjWiOCtHimu/KyaUQy9YVjdXlHiLRjBEWzmOopm3pp1vbW5cXFzDw8PSGi2XlpYdGxtoPys4NzaIZVZ2UECpqqpFRUWFg4Pk29d+RHBPKma9ZnplRnjOWWjbP0zSnvNwAAAIMElEQVRogb2afX/bthHHQSlT3SAgaJEmW4DhxIkSZYqSsqVJnIctaeI+pF3WrUnadW2iulvf/1vYAXyQLIIUKcP5/WF/LMH48g4HHA4gMj6IsI30d0ppE8hTfFuV14bjGdW+ShCZ+fu7wNOwRSsWRezyJ9b9EoSnaIz3dsEjh+83nEwm5DLnwZmVgXxiztHKJH5TLxRapcg2CWtoZGBCTNc1Cdk8tvUwGEoQ9SZx7CA3jtNpPQnbcRwj5MRO2EBiI9kKfpTusx4FgwxkYGOGhFKvyXtsEctWYaP3/KUjGrmjYjCB0ytABjVD+HJmNvsfm4I02tOKey5wPF5wPgt6G5BBUmGQ2dgDxKx42H1xx5bComXuOOsecLZAPpgTokbPCf+jiKcOabaIzJzx2MknS8bZgNgoSjAZ7Yb/jvjK9rG5Oml8HGqEBmM0lHPWeiw5WxYZwqVs3xTB8CC0+WFENzhrKeZpxtkGXYdKjhJEE7Oz1KPGnxz16kHUdzrIlUKpyun+X/92owlEXDkr0Z2nT5/eQa0Uq6LVH6E/tAA9+/xU6Ph5C1ZMVRyYTftBd45PjzOdnj47mLMfdKfASNQekjNVxLvk7Ad9LgkvClKj9xxDweE2agN6Kg16cS4xX7w4fd7EWSg5bivQl6fHX5We+/q745ddOeM8cFuAvpGQb/8uf73qyDnJOXtBZSx89Wc5Rl/WcdwTXuWwhYNagtBzIH37D8kSqFqDxkqOi+pA3i4IvTw9fiGD7jvwYV3QubaCgzf2tAGBTaf5fH3l1HCQrcq0+BbqBELus1fAefn8n+tGTiUWzj/qCAL964s/IvR9//XrNyrOUnD4aIf0NjgA9MltAL3pg36o4eBxfHk783ZwdCgI/Qig9xUObNooY2SFFpyVucg7O+odDJIWVcZJcMajpR2jcLkc5WWIBZzDQH/69xskOD+6O5wItvAUz4q/8nE6ExuEw0A/978XoJ8UHBBZipbplG/sORT0HzFAIEfFMQxT7G6jfKN4lm14DrQoB12K73lStGTICVEs/7SG+cbqUNdl2g7vVVli8XnqJbYrdqQl59Co+yUzaWuQVpuJg+2EGoyPMbUeFJyDw/uHHZPC7ZIx25NgSiYfHXUBYQVo3b80SmFS3SjSZIY6gfjKr4LQuwz0Wn6iLNQIzKdOIB9NcRVUmCQifEaqGGqKedsexH1zhOamz+nuWpeZ9E7aU+UYRJSk7UAnyKNeGIYxiuHnAl8GuVncrWvsSSSnNUhU9vIbZ8mUFkHUTRSlCU1WqBvIYOYEvkh9VkkTcf+nft9FE2Uc5JwOIBk7KE2q+Qi9h5UVHkHBMeeoM4iaKD5JEXQnQVBirdc/3779yXrtvO+/688U88cgJaeL60YzzkkY5a5b/2Wj9Xr9i+qoxN9wurhuKnzDp3TLdaVipiiArF+3WnQA5WFkKEAxUXHuf3oVkKEAKQs668mNjzWDYl/JCY40g2TBvXvaat0d9DSDYg+2OGy+ZLsczaCsQCXppXNdydELEgUdS0zuOklSHqRaFz3dIFHYs6g4Is3389bFYNDTC3LGoms/ysqY/Ig0t0cnyB1nJviegOZHpCVHH8gtCtTsiNSWVFxytIE2BSqZOLbtyhNbNr51s6cZtCnsvRmUQIY4U2dTVytIbHi2C26RI7DkOEg3aKkouJk49NYMUnI8YaneMRopOBjLfZJGkEFV9mCe7cd0glQHfbk9mkEKDsk51wzCrOBcL4j6KfoQoG3OtYLYb+iDgKzhrQ8CsoY3NILq76egsL+pCzQuQKqN4oOgpw1UWMTnlbNYcYOqH0TcBVZw9IIo95O8Kt/l6AVBVb5KUbyCqrwkyRth3SBsZ0dy7ubUt+BoHiNGRFUeszIeiptajaAsvOUJyOaunD8u/1WjRWJcTDe2Y1QU+WT+sX7QEp1g2I5OMPfDeTZEJEKfDvSCHlosEufJdAoVJPWz9zOAoxsU3Lf8UL6gkPks44yQdlDvQrwxcfmCQXI0gwZvLcphBm2/p+NLjmYQeI6Jfrde7shuajWDBueWISeqg+kORy/o6AnFC/lJccqc3whrBgWPrOx6AZSVkZsbVJ2gYGgVIw+rHMbyfbFS+kDBA2v7zjQ1qcFD/aBB8Bg4eOu+JoX6USwJekGD87vA8eKtD1G84Ia/KD7SBBrCYkNOdq5y3WViMD7TCYJwo2aEKgoJLj7XAXJtcBufVDnitTdw3zjWA0qnLO9MIXdJsoe4Oki4B7ZWtVoRSs35lUHuKIHCd4YaBHFOif17cCWQDOFpjdsKOTah2BheZRc0IzjPa82am9iw7mUHgIeAIpNiEqIWmsAyYd09HxwEise+wb09bivknIjEMTxkkz8hMMbLyr1DreawysptcSfQ4OZ9RrHZym2FZrn7uoAGby8syrx0t69mCV9b3lnQHhQMxaHVsvZ1mFpFCbjvYVvQ4OgerKHJfLeXNppxcN9/24EG5xewhtKObisUL/zyFeJmELiN0krq6aARoYyUa1Yd6GbwmWXgw9xWKITtfxK5zaCeyNiscQ3dr9jb5Pga0P+oRf1Fy8WgXu7GfWpQyGB4FBm7u0ITklhUA5KpJ7mi2wpBjqciLStAIjA1uK2QswT38bQKEqmnKWN318rEmD0Odm5bIkiSSac1dL9SmPfWxfn2/ZFwG9+XsbtL5HijyPECJBZ4Mjp8MajXnIgkNcgvE6ME4/KVBs2a4CLHB7/bsAx2TT3t5eRJCtZQdqU1dL/mIkk9kqnnmtxWSCYpkXqU23edEjn+mt1WKCJXSz3tNTvEbf8Hu8Yzb9Bqq4MAAAAASUVORK5CYII=,suggestion_type=33,suggest_truncate_start=false,is_answer=false,is_entity=true,is_personal=false,suggest_raw_text=atlético madrid,group_id=web2385869,response_id=161606a8-9cc5-4a68-9ac9-57ad2ebeeb71,support_query_builder=false,} searchAction=Atlético Madrid searchActionExtras=Bundle{learn_more_url=https://support.google.com/websearch/answer/106230?hl=106230,suggestion_action_text=Report this,should_start_for_result=true,allow_pinning=true,skip_logging_in_target_handler=false,suggestion_action_rpc=2,}ParentID: null targetID: af332d3f-228f-4872-ab56-389806f8d3e9
06-14 15:00:38.426  1068  1068 D SearchTargetUtil: layoutType=short_icon_row resultType=131072 packageName=com.google.android.googlequicksearchbox extras=Bundle{suggestion_type=33,suggest_truncate_start=false,is_answer=false,is_entity=false,is_personal=false,suggest_raw_text=love me again 143,group_id=web2385869,response_id=161606a8-9cc5-4a68-9ac9-57ad2ebeeb71,support_query_builder=false,} searchAction=love me again 143 searchActionExtras=Bundle{learn_more_url=https://support.google.com/websearch/answer/106230?hl=106230,suggestion_action_text=Report this,should_start_for_result=true,allow_pinning=true,skip_logging_in_target_handler=false,suggestion_action_rpc=2,}ParentID: null targetID: 1bbfd116-a48a-48a3-bdb7-b0fbd89f5f48
06-14 15:00:38.426  1068  1068 D SearchTargetUtil: layoutType=short_icon_row resultType=131072 packageName=com.google.android.googlequicksearchbox extras=Bundle{suggestion_type=33,suggest_truncate_start=false,is_answer=false,is_entity=false,is_personal=false,suggest_raw_text=nala $50 million credit financing,group_id=web2385869,response_id=161606a8-9cc5-4a68-9ac9-57ad2ebeeb71,support_query_builder=false,} searchAction=nala $50 million credit financing searchActionExtras=Bundle{learn_more_url=https://support.google.com/websearch/answer/106230?hl=106230,suggestion_action_text=Report this,should_start_for_result=true,allow_pinning=true,skip_logging_in_target_handler=false,suggestion_action_rpc=2,}ParentID: null targetID: 119e67f3-f4a5-447d-be45-19910376bce0
06-14 15:00:38.427  1068  1068 D SearchTargetUtil: layoutType=short_icon_row resultType=131072 packageName=com.google.android.googlequicksearchbox extras=Bundle{suggestion_type=33,suggest_truncate_start=false,is_answer=false,is_entity=false,is_personal=false,suggest_raw_text=anthony gordon barcelona,group_id=web2385869,response_id=161606a8-9cc5-4a68-9ac9-57ad2ebeeb71,support_query_builder=false,} searchAction=anthony gordon barcelona searchActionExtras=Bundle{learn_more_url=https://support.google.com/websearch/answer/106230?hl=106230,suggestion_action_text=Report this,should_start_for_result=true,allow_pinning=true,skip_logging_in_target_handler=false,suggestion_action_rpc=2,}ParentID: null targetID: 9f29687c-9159-4d07-85ae-4179e0202cac
06-14 15:00:38.427  1068  1068 D SearchTargetUtil: layoutType=short_icon_row resultType=131072 packageName=com.google.android.googlequicksearchbox extras=Bundle{suggestion_type=33,suggest_truncate_start=false,is_answer=false,is_entity=false,is_personal=false,suggest_raw_text=football transfer news,group_id=web2385869,response_id=161606a8-9cc5-4a68-9ac9-57ad2ebeeb71,support_query_builder=false,} searchAction=football transfer news searchActionExtras=Bundle{learn_more_url=https://support.google.com/websearch/answer/106230?hl=106230,suggestion_action_text=Report this,should_start_for_result=true,allow_pinning=true,skip_logging_in_target_handler=false,suggestion_action_rpc=2,}ParentID: null targetID: 5a28225b-f506-4eef-8bde-c3afc47faa95
06-14 15:00:38.428  1068  1068 D SearchTargetUtil: layoutType=short_icon_row resultType=131072 packageName=com.google.android.googlequicksearchbox extras=Bundle{suggestion_type=33,suggest_truncate_start=false,is_answer=false,is_entity=false,is_personal=false,suggest_raw_text=mamelodi sundowns rb leipzig,group_id=web2385869,response_id=161606a8-9cc5-4a68-9ac9-57ad2ebeeb71,support_query_builder=false,} searchAction=mamelodi sundowns rb leipzig searchActionExtras=Bundle{learn_more_url=https://support.google.com/websearch/answer/106230?hl=106230,suggestion_action_text=Report this,should_start_for_result=true,allow_pinning=true,skip_logging_in_target_handler=false,suggestion_action_rpc=2,}ParentID: null targetID: 31aa8f63-a5b6-4091-9b52-dfdf13cc25a8
06-14 15:00:38.430  1068  1068 D SearchTargetUtil: layoutType=short_icon_row resultType=131072 packageName=com.google.android.googlequicksearchbox extras=Bundle{suggestion_type=33,suggest_truncate_start=false,is_answer=false,is_entity=false,is_personal=false,suggest_raw_text=south africa vs nicaragua,group_id=web2385869,response_id=161606a8-9cc5-4a68-9ac9-57ad2ebeeb71,support_query_builder=false,} searchAction=south africa vs nicaragua searchActionExtras=Bundle{learn_more_url=https://support.google.com/websearch/answer/106230?hl=106230,suggestion_action_text=Report this,should_start_for_result=true,allow_pinning=true,skip_logging_in_target_handler=false,suggestion_action_rpc=2,}ParentID: null targetID: f6eb4219-4763-4afa-935b-a143d8900e32
06-14 15:00:38.436  1068  1068 I Choreographer: Skipped 62 frames!  The application may be doing too much work on its main thread.
