--------- beginning of system
06-14 15:00:20.142   554   640 D ActivityManager: freezing 6639 com.android.settings
--------- beginning of main
06-14 15:00:25.302   759   759 I wpa_supplicant: wlan0: CTRL-EVENT-BEACON-LOSS 
06-14 15:00:26.453   772   772 D StatusBarIconController: ignoring old pipeline callbacks, because the new mobile icons are enabled
06-14 15:00:28.180  9545  9545 D AndroidRuntime: >>>>>> START com.android.internal.os.RuntimeInit uid 2000 <<<<<<
06-14 15:00:28.282  9545  9545 I AndroidRuntime: Using default boot image
06-14 15:00:28.284  9545  9545 I AndroidRuntime: Leaving lock profiling enabled
06-14 15:00:28.323  9545  9545 I app_process: Core platform API reporting enabled, enforcing=false
06-14 15:00:28.327  9545  9545 I app_process: Using CollectorTypeCC GC.
06-14 15:00:28.691  9545  9545 D nativeloader: InitDefaultPublicLibraries for_preload=1: libandroid.so:libaaudio.so:libamidi.so:libbinder_ndk.so:libc.so:libcamera2ndk.so:libdl.so:libEGL.so:libGLESv1_CM.so:libGLESv2.so:libGLESv3.so:libicu.so:libicui18n.so:libicuuc.so:libjnigraphics.so:liblog.so:libmediandk.so:libm.so:libnativehelper.so:libnativewindow.so:libOpenMAXAL.so:libOpenSLES.so:libRS.so:libstdc++.so:libsync.so:libvulkan.so:libwebviewchromium_plat_support.so:libz.so
06-14 15:00:28.729  9545  9545 D app_process: Time zone APEX ICU file found: /apex/com.android.tzdata/etc/icu/icu_tzdata.dat
06-14 15:00:28.730  9545  9545 D app_process: I18n APEX ICU file found: /apex/com.android.i18n/etc/icu/icudt72l.dat
06-14 15:00:28.748  9545  9545 W app_process: Unexpected CPU variant for x86: x86_64.
06-14 15:00:28.748  9545  9545 W app_process: Known variants: atom, sandybridge, silvermont, goldmont, goldmont-plus, tremont, kabylake, default
06-14 15:00:28.820  9545  9545 W libc    : Access denied finding property "ro.product.name_for_attestation"
06-14 15:00:28.824  9545  9545 W libc    : Access denied finding property "ro.product.brand_for_attestation"
06-14 15:00:28.825  9545  9545 W libc    : Access denied finding property "ro.product.model_for_attestation"
06-14 15:00:28.844  9545  9545 D AndroidRuntime: Calling main entry com.android.commands.monkey.Monkey
06-14 15:00:28.814  9545  9545 W main    : type=1400 audit(0.0:76): avc:  denied  { read } for  name="u:object_r:build_attestation_prop:s0" dev="tmpfs" ino=86 scontext=u:r:shell:s0 tcontext=u:object_r:build_attestation_prop:s0 tclass=file permissive=0
06-14 15:00:28.861  9545  9545 W Monkey  : args: [-p, com.jpm.app, -c, android.intent.category.LAUNCHER, 1]
06-14 15:00:28.869  9545  9545 W Monkey  :  arg: "-p"
06-14 15:00:28.888  9545  9545 W Monkey  :  arg: "com.jpm.app"
06-14 15:00:28.894  9545  9545 W Monkey  :  arg: "-c"
06-14 15:00:28.895  9545  9545 W Monkey  :  arg: "android.intent.category.LAUNCHER"
06-14 15:00:28.818  9545  9545 W main    : type=1400 audit(0.0:77): avc:  denied  { read } for  name="u:object_r:build_attestation_prop:s0" dev="tmpfs" ino=86 scontext=u:r:shell:s0 tcontext=u:object_r:build_attestation_prop:s0 tclass=file permissive=0
06-14 15:00:28.911  9545  9545 W Monkey  :  arg: "1"
06-14 15:00:28.913  9545  9545 W Monkey  : data="com.jpm.app"
06-14 15:00:28.931  9545  9545 W Monkey  : data="android.intent.category.LAUNCHER"
06-14 15:00:28.818  9545  9545 W main    : type=1400 audit(0.0:78): avc:  denied  { read } for  name="u:object_r:build_attestation_prop:s0" dev="tmpfs" ino=86 scontext=u:r:shell:s0 tcontext=u:object_r:build_attestation_prop:s0 tclass=file permissive=0
06-14 15:00:29.017   554  2013 W ActivityManager: registerReceiverWithFeature: no app for null
06-14 15:00:29.029  9545  9545 W System  : No Compatibility callbacks set! Querying change 263076149
06-14 15:00:29.030  9545  9545 W System  : No Compatibility callbacks set! Querying change 263076149
06-14 15:00:29.030  9545  9545 W System  : No Compatibility callbacks set! Querying change 263076149
06-14 15:00:29.050   554   573 W ActivityTaskManager: callingPackage for (uid=2000, pid=9545) has no WPC
06-14 15:00:29.077   554   573 V SplashScreenExceptionList: SplashScreen checking exception for package com.jpm.app (target sdk:35) -> false
06-14 15:00:29.180   554   573 I ActivityTaskManager: START u0 {act=android.intent.action.MAIN cat=[android.intent.category.LAUNCHER] flg=0x10200000 cmp=com.jpm.app/.MainActivity} with LAUNCH_SINGLE_TASK from uid 2000 (BAL_ALLOW_PERMISSION) result code=0
06-14 15:00:29.191  9545  9545 I Monkey  : Events injected: 1
06-14 15:00:29.207   772   820 V WindowManagerShell: Transition requested: android.os.BinderProxy@57b37c4 TransitionRequestInfo { type = OPEN, triggerTask = TaskInfo{userId=0 taskId=23 displayId=0 isRunning=true baseIntent=Intent { act=android.intent.action.MAIN cat=[android.intent.category.LAUNCHER] flg=0x10200000 cmp=com.jpm.app/.MainActivity } baseActivity=ComponentInfo{com.jpm.app/com.jpm.app.MainActivity} topActivity=ComponentInfo{com.jpm.app/com.jpm.app.MainActivity} origActivity=null realActivity=ComponentInfo{com.jpm.app/com.jpm.app.MainActivity} numActivities=1 lastActiveTime=16258831 supportsMultiWindow=true resizeMode=1 isResizeable=true minWidth=-1 minHeight=-1 defaultMinSize=220 token=WCT{android.window.IWindowContainerToken$Stub$Proxy@60ca6ad} topActivityType=1 pictureInPictureParams=null shouldDockBigOverlays=false launchIntoPipHostTaskId=-1 lastParentTaskIdBeforePip=-1 displayCutoutSafeInsets=null topActivityInfo=ActivityInfo{4f9dde2 com.jpm.app.MainActivity} launchCookies=[] positionInParent=Point(0, 0) parentTaskId=-1 isFocused=false isVisible=false isVisibleRequested=false isSleeping=false topActivityInSizeCompat=false topActivityEligibleForLetterboxEducation= false topActivityLetterboxed= false isFromDoubleTap= false topActivityLetterboxVerticalPosition= -1 topActivityLetterboxHorizontalPosition= -1 topActivityLetterboxWidth=-1 topActivityLetterboxHeight=-1 locusId=null displayAreaFeatureId=1 cameraCompatControlState=hidden}, remoteTransition = null, displayChange = null }
06-14 15:00:29.209   554   579 D CompatibilityChangeReporter: Compat change id reported: 135634846; UID 10193; state: DISABLED
06-14 15:00:29.271   772   833 D SplashScreenView: Build android.window.SplashScreenView{ad60c30 V.E...... ......ID 0,0-0,0}
06-14 15:00:29.271   772   833 D SplashScreenView: Icon: view: android.widget.ImageView{1fa00a9 V.ED..... ......I. 0,0-0,0 #10204f0 android:id/splashscreen_icon_view} drawable: com.android.wm.shell.startingsurface.SplashscreenIconDrawableFactory$ImmobileIconDrawable@f5bf62e size: 440
06-14 15:00:29.271   772   833 D SplashScreenView: Branding: view: android.view.View{4be05cf G.ED..... ......I. 0,0-0,0 #10204ef android:id/splashscreen_branding_view} drawable: null size w: 0 h: 0
06-14 15:00:29.332   554   589 D CompatibilityChangeReporter: Compat change id reported: 143937733; UID 10193; state: ENABLED
06-14 15:00:29.339   554   573 W system_server: Long monitor contention with owner binder:554_18 (2004) at android.content.res.Configuration com.android.server.wm.ActivityTaskManagerService.getGlobalConfigurationForPid(int)(ActivityTaskManagerService.java:1133) waiters=0 in void com.android.server.wm.WindowManagerService.freezeDisplayRotation(int, int) for 113ms
06-14 15:00:29.343   772   820 W Looper  : Slow dispatch took 161ms wmshell.main h=android.os.Handler c=com.android.wm.shell.transition.Transitions$TransitionPlayerImpl$$ExternalSyntheticLambda1@7c7bb5c m=0
06-14 15:00:29.344   772   820 W Looper  : Slow delivery took 148ms wmshell.main h=android.os.Handler c=null m=16
06-14 15:00:29.424   421   421 I BpBinder: onLastStrongRef automatically unlinking death recipients: 
06-14 15:00:29.438   772   820 W Looper  : Drained
06-14 15:00:29.459   355   355 D Zygote  : Forked child process 9560
06-14 15:00:29.459   554   589 W ActivityManager: Slow operation: 259ms so far, now at startProcess: returned from zygote!
06-14 15:00:29.463   554   589 W ActivityManager: Slow operation: 263ms so far, now at startProcess: done updating battery stats
06-14 15:00:29.464   554   589 W ActivityManager: Slow operation: 264ms so far, now at startProcess: building log message
06-14 15:00:29.464   554   589 I ActivityManager: Start proc 9560:com.jpm.app/u0a193 for next-top-activity {com.jpm.app/com.jpm.app.MainActivity}
06-14 15:00:29.464   554   589 W ActivityManager: Slow operation: 264ms so far, now at startProcess: starting to update pids map
06-14 15:00:29.480  1437  2166 I AiAiEcho: Settings changed for uri: content://settings/secure/device_state_rotation_lock
06-14 15:00:29.482  1437  1753 I AiAiEcho: Predicting[0]: 
06-14 15:00:29.482  1437  1753 I AiAiEcho: EchoTargets: 
06-14 15:00:29.482  1437  1753 I AiAiEcho: Filtered by AiAi flag check: 
06-14 15:00:29.483  1437  1753 I AiAiEcho: Ranked targets strategy: SORT, count: 0, ranking metadata: 
06-14 15:00:29.486  1437  1753 I AiAiEcho: #postPredictionTargets: Sending updates to UISurface home with targets# 0 (types=[])
06-14 15:00:29.496  1437  1753 I AiAiEcho: Predicting[0]: 
06-14 15:00:29.496  1437  1753 I AiAiEcho: EchoTargets: 
06-14 15:00:29.496  1437  1753 I AiAiEcho: Filtered by AiAi flag check: 
06-14 15:00:29.496  1437  1753 I AiAiEcho: Ranked targets strategy: SORT, count: 0, ranking metadata: 
06-14 15:00:29.498  1437  1753 I AiAiEcho: Predicting[0]: 
06-14 15:00:29.503  1437  1753 I AiAiEcho: EchoTargets: 
06-14 15:00:29.503  1437  1753 I AiAiEcho: Filtered by AiAi flag check: 
06-14 15:00:29.514  1437  1753 I AiAiEcho: Ranked targets strategy: SORT, count: 0, ranking metadata: 
06-14 15:00:29.517  1437  1753 I AiAiEcho: #postPredictionTargets: Sending updates to UISurface media_data_manager with targets# 0 (types=[])
06-14 15:00:29.526  1437  1753 I AiAiEcho: #postPredictionTargets: Sending updates to UISurface lockscreen with targets# 0 (types=[])
06-14 15:00:29.539   772   772 D SsMediaDataProvider: Forwarding Smartspace updates []
06-14 15:00:29.542   772   772 W PageIndicator: Total number of pages invalid: 0. Assuming 1 page.
06-14 15:00:29.543   554   577 W Looper  : Slow dispatch took 167ms android.ui h=android.os.Handler c=android.database.ContentObserver$$ExternalSyntheticLambda0@267265d m=0
06-14 15:00:29.562   554   573 D CoreBackPreview: Window{cde026e u0 Splash Screen com.jpm.app}: Setting back callback OnBackInvokedCallbackInfo{mCallback=android.window.IOnBackInvokedCallback$Stub$Proxy@58793a0, mPriority=0, mIsAnimationCallback=false}
06-14 15:00:29.605  1437  2166 I AiAiEcho: Settings changed for uri: content://settings/secure/device_state_rotation_lock
06-14 15:00:29.608  1437  1753 I AiAiEcho: Predicting[0]: 
06-14 15:00:29.609  1437  1753 I AiAiEcho: EchoTargets: 
06-14 15:00:29.609  1437  1753 I AiAiEcho: Filtered by AiAi flag check: 
06-14 15:00:29.610  1437  1753 I AiAiEcho: Ranked targets strategy: SORT, count: 0, ranking metadata: 
06-14 15:00:29.611  1437  1753 I AiAiEcho: #postPredictionTargets: Sending updates to UISurface home with targets# 0 (types=[])
06-14 15:00:29.612  1437  1753 I AiAiEcho: Predicting[0]: 
06-14 15:00:29.613  1437  1753 I AiAiEcho: EchoTargets: 
06-14 15:00:29.613  1437  1753 I AiAiEcho: Filtered by AiAi flag check: 
06-14 15:00:29.613  1437  1753 I AiAiEcho: Ranked targets strategy: SORT, count: 0, ranking metadata: 
06-14 15:00:29.615  1437  1753 I AiAiEcho: #postPredictionTargets: Sending updates to UISurface media_data_manager with targets# 0 (types=[])
06-14 15:00:29.616  1437  1753 I AiAiEcho: Predicting[0]: 
06-14 15:00:29.616  1437  1753 I AiAiEcho: EchoTargets: 
06-14 15:00:29.616  1437  1753 I AiAiEcho: Filtered by AiAi flag check: 
06-14 15:00:29.618  1437  1753 I AiAiEcho: Ranked targets strategy: SORT, count: 0, ranking metadata: 
06-14 15:00:29.628  1437  1753 I AiAiEcho: #postPredictionTargets: Sending updates to UISurface lockscreen with targets# 0 (types=[])
06-14 15:00:29.632   772   772 D SsMediaDataProvider: Forwarding Smartspace updates []
06-14 15:00:29.635   772   772 W PageIndicator: Total number of pages invalid: 0. Assuming 1 page.
06-14 15:00:29.652  9560  9560 I com.jpm.app: Using CollectorTypeCC GC.
06-14 15:00:29.663  9560  9560 W com.jpm.app: Unexpected CPU variant for x86: x86_64.
06-14 15:00:29.663  9560  9560 W com.jpm.app: Known variants: atom, sandybridge, silvermont, goldmont, goldmont-plus, tremont, kabylake, default
06-14 15:00:29.692   554   589 W ActivityManager: Slow operation: 491ms so far, now at startProcess: done updating pids map
06-14 15:00:29.715  9545  9545 I Monkey  : ## Network stats: elapsed time=640ms (0ms mobile, 0ms wifi, 640ms not connected)
06-14 15:00:29.727   554   632 D CompatibilityChangeReporter: Compat change id reported: 265195908; UID 10193; state: ENABLED
06-14 15:00:29.736  9545  9545 I app_process: System.exit called, status: 0
06-14 15:00:29.736  9545  9545 I AndroidRuntime: VM exiting with result code 0.
06-14 15:00:29.744   554   577 W Looper  : Slow dispatch took 201ms android.ui h=com.android.server.am.ActivityManagerService$UiHandler c=com.android.server.am.UidObserverController$$ExternalSyntheticLambda0@4bf7be5 m=0
06-14 15:00:29.758   772   820 W Looper  : Slow dispatch took 32ms wmshell.main h=android.os.Handler c=com.android.wm.shell.common.ShellExecutor$$ExternalSyntheticLambda1@b209d06 m=0
06-14 15:00:29.760  1068  1637 D EGL_emulation: app_time_stats: avg=59288.54ms min=59288.54ms max=59288.54ms count=1
06-14 15:00:29.761   554   577 W Looper  : Slow delivery took 200ms android.ui h=android.os.Handler c=android.database.ContentObserver$$ExternalSyntheticLambda0@81dc415 m=0
06-14 15:00:29.838  9560  9560 E com.jpm.app: Not starting debugger since process cannot load the jdwp agent.
06-14 15:00:29.881   554   577 W Looper  : Drained
06-14 15:00:29.912   554   576 V WindowManager: Sent Transition #36 createdAt=06-14 15:00:29.060 via request=TransitionRequestInfo { type = OPEN, triggerTask = TaskInfo{userId=0 taskId=23 displayId=0 isRunning=true baseIntent=Intent { act=android.intent.action.MAIN cat=[android.intent.category.LAUNCHER] flg=0x10200000 cmp=com.jpm.app/.MainActivity } baseActivity=ComponentInfo{com.jpm.app/com.jpm.app.MainActivity} topActivity=ComponentInfo{com.jpm.app/com.jpm.app.MainActivity} origActivity=null realActivity=ComponentInfo{com.jpm.app/com.jpm.app.MainActivity} numActivities=1 lastActiveTime=16258831 supportsMultiWindow=true resizeMode=1 isResizeable=true minWidth=-1 minHeight=-1 defaultMinSize=220 token=WCT{RemoteToken{41d37f6 Task{95eb696 #23 type=standard A=10193:com.jpm.app}}} topActivityType=1 pictureInPictureParams=null shouldDockBigOverlays=false launchIntoPipHostTaskId=-1 lastParentTaskIdBeforePip=-1 displayCutoutSafeInsets=null topActivityInfo=ActivityInfo{5c1f7f7 com.jpm.app.MainActivity} launchCookies=[] positionInParent=Point(0, 0) parentTaskId=-1 isFocused=false isVisible=false isVisibleRequested=false isSleeping=false topActivityInSizeCompat=false topActivityEligibleForLetterboxEducation= false topActivityLetterboxed= false isFromDoubleTap= false topActivityLetterboxVerticalPosition= -1 topActivityLetterboxHorizontalPosition= -1 topActivityLetterboxWidth=-1 topActivityLetterboxHeight=-1 locusId=null displayAreaFeatureId=1 cameraCompatControlState=hidden}, remoteTransition = null, displayChange = null }
06-14 15:00:29.913   554   576 V WindowManager:     startWCT=WindowContainerTransaction { changes = {} hops = [] errorCallbackToken=null taskFragmentOrganizer=null }
06-14 15:00:29.914   554   576 V WindowManager:     info={id=36 t=OPEN f=0x0 trk=0 r=[0@Point(0, 0)] c=[{WCT{RemoteToken{41d37f6 Task{95eb696 #23 type=standard A=10193:com.jpm.app}}} m=OPEN f=NONE leash=Surface(name=Task=23)/@0x3a9132a sb=Rect(0, 0 - 1080, 2280) eb=Rect(0, 0 - 1080, 2280) d=0},{WCT{RemoteToken{4e7612a Task{6c9e35b #1 type=home}}} m=TO_BACK f=SHOW_WALLPAPER leash=Surface(name=Task=1)/@0x2ddb257 sb=Rect(0, 0 - 1080, 2280) eb=Rect(0, 0 - 1080, 2280) d=0}]}
06-14 15:00:29.914   772   820 V WindowManagerShell: onTransitionReady android.os.BinderProxy@57b37c4: {id=36 t=OPEN f=0x0 trk=0 r=[0@Point(0, 0)] c=[{WCT{android.window.IWindowContainerToken$Stub$Proxy@d5ce160} m=OPEN f=NONE leash=Surface(name=Task=23)/@0x451951d sb=Rect(0, 0 - 1080, 2280) eb=Rect(0, 0 - 1080, 2280) d=0},{WCT{android.window.IWindowContainerToken$Stub$Proxy@d776619} m=TO_BACK f=SHOW_WALLPAPER leash=Surface(name=Task=1)/@0x3998392 sb=Rect(0, 0 - 1080, 2280) eb=Rect(0, 0 - 1080, 2280) d=0}]}
06-14 15:00:29.916   772   820 V WindowManagerShell: Playing animation for (#36)android.os.BinderProxy@57b37c4@0
06-14 15:00:29.918   772   820 V WindowManagerShell:  try handler com.android.wm.shell.transition.DefaultMixedHandler@1b74f96
06-14 15:00:29.923   772   820 V WindowManagerShell:  try handler com.android.wm.shell.keyguard.KeyguardTransitionHandler@950c717
06-14 15:00:29.923   772   820 V WindowManagerShell:  try handler com.android.wm.shell.activityembedding.ActivityEmbeddingController@6d7f704
06-14 15:00:29.924   772   820 V WindowManagerShell:  try handler com.android.wm.shell.recents.RecentsTransitionHandler@84f94ed
06-14 15:00:29.926   772   820 V ShellRecents: RecentsTransitionHandler.startAnimation: no controller found
06-14 15:00:29.928   772   820 V WindowManagerShell:  try handler com.android.wm.shell.pip.PipTransition@590cf22
06-14 15:00:29.930   772   820 V WindowManagerShell:  try handler com.android.wm.shell.splitscreen.StageCoordinator@410bdb3
06-14 15:00:29.931   772   820 V WindowManagerShell:  try handler com.android.wm.shell.transition.RemoteTransitionHandler@5f7f70
06-14 15:00:29.932   772   820 V WindowManagerShell: Transition doesn't have explicit remote, search filters for match for {id=36 t=OPEN f=0x0 trk=0 r=[0@Point(0, 0)] c=[{WCT{android.window.IWindowContainerToken$Stub$Proxy@d5ce160} m=OPEN f=NONE leash=Surface(name=Task=23)/@0x451951d sb=Rect(0, 0 - 1080, 2280) eb=Rect(0, 0 - 1080, 2280) d=0},{WCT{android.window.IWindowContainerToken$Stub$Proxy@d776619} m=TO_BACK f=SHOW_WALLPAPER leash=Surface(name=Task=1)/@0x3998392 sb=Rect(0, 0 - 1080, 2280) eb=Rect(0, 0 - 1080, 2280) d=0}]}
06-14 15:00:29.937   772   820 V WindowManagerShell:  Checking filter Pair{{types=[] flags=0x0] notFlags=0x0 checks=[{atype=dream independent=true modes=[OPEN,TO_FRONT] flags=NONE mustBeTask=false order=ANY topActivity=null},{atype=home independent=true modes=[CLOSE,TO_BACK] flags=NONE mustBeTask=false order=ANY topActivity=null}]} RemoteTransition { remoteTransition = android.window.IRemoteTransition$Stub$Proxy@d5bd139, appThread = android.app.IApplicationThread$Stub$Proxy@4eda37e, debugName = LauncherToDream }}
06-14 15:00:29.952   772   820 V WindowManagerShell:  Checking filter Pair{{types=[] flags=0x0] notFlags=0x100 checks=[{atype=home independent=true modes=[OPEN,TO_FRONT] flags=NONE mustBeTask=false order=TOP topActivity=ComponentInfo{com.google.android.apps.nexuslauncher/com.google.android.apps.nexuslauncher.NexusLauncherActivity}},{atype=standard independent=true modes=[CLOSE,TO_BACK] flags=NONE mustBeTask=false order=ANY topActivity=null}]} RemoteTransition { remoteTransition = android.window.IRemoteTransition$Stub$Proxy@27330df, appThread = android.app.IApplicationThread$Stub$Proxy@f69f12c, debugName = QuickstepLaunchHome }}
06-14 15:00:29.955   772   820 V WindowManagerShell:  Delegate animation for #36 to null
06-14 15:00:29.956   772   820 V WindowManagerShell:  try handler com.android.wm.shell.transition.DefaultTransitionHandler@21d92e9
06-14 15:00:29.957   772   820 V WindowManagerShell: start default transition animation, info = {id=36 t=OPEN f=0x0 trk=0 r=[0@Point(0, 0)] c=[{WCT{android.window.IWindowContainerToken$Stub$Proxy@d5ce160} m=OPEN f=NONE leash=Surface(name=Task=23)/@0x451951d sb=Rect(0, 0 - 1080, 2280) eb=Rect(0, 0 - 1080, 2280) d=0},{WCT{android.window.IWindowContainerToken$Stub$Proxy@d776619} m=TO_BACK f=SHOW_WALLPAPER leash=Surface(name=Task=1)/@0x3998392 sb=Rect(0, 0 - 1080, 2280) eb=Rect(0, 0 - 1080, 2280) d=0}]}
06-14 15:00:29.983   772   820 V WindowManagerShell: loadAnimation: anim=android.view.animation.AnimationSet@8df2ea animAttr=0x13 type=OPEN isEntrance=false
06-14 15:00:30.031   772   820 V WindowManagerShell: loadAnimation: anim=android.view.animation.AnimationSet@8d053b6 animAttr=0x12 type=OPEN isEntrance=true
06-14 15:00:30.036   772   820 V WindowManagerShell:  animated by com.android.wm.shell.transition.DefaultTransitionHandler@21d92e9
06-14 15:00:30.041   772   820 W Looper  : Slow dispatch took 126ms wmshell.main h=android.os.Handler c=com.android.wm.shell.transition.Transitions$TransitionPlayerImpl$$ExternalSyntheticLambda0@8d5e824 m=0
06-14 15:00:30.043   772   820 W Looper  : Slow delivery took 114ms wmshell.main h=android.os.Handler c=com.android.wm.shell.bubbles.BubbleController$BubblesImpl$$ExternalSyntheticLambda5@fa6ff8d m=0
06-14 15:00:30.066   772   826 W Looper  : Slow dispatch took 30ms wmshell.anim h=android.os.Handler c=com.android.wm.shell.transition.DefaultTransitionHandler$$ExternalSyntheticLambda1@5f542 m=0
06-14 15:00:30.279   554  1250 W system_server: Long monitor contention with owner binder:554_18 (2004) at android.window.TaskSnapshot com.android.server.wm.ActivityTaskManagerService.takeTaskSnapshot(int, boolean)(ActivityTaskManagerService.java:3820) waiters=0 in android.content.res.CompatibilityInfo com.android.server.wm.ActivityTaskManagerService$LocalService.compatibilityInfoForPackage(android.content.pm.ApplicationInfo) for 270ms
06-14 15:00:30.286   772   826 W Looper  : Slow delivery took 69ms wmshell.anim h=android.view.Choreographer$FrameHandler c=android.view.Choreographer$FrameDisplayEventReceiver@5ad919e m=0
06-14 15:00:30.287   554  1250 W ActivityManager: Slow operation: 281ms so far, now at attachApplicationLocked: immediately before bindApplication
06-14 15:00:30.289   554  2711 W system_server: Long monitor contention with owner binder:554_18 (2004) at android.window.TaskSnapshot com.android.server.wm.ActivityTaskManagerService.takeTaskSnapshot(int, boolean)(ActivityTaskManagerService.java:3820) waiters=1 in void com.android.server.wm.BLASTSyncEngine$SyncGroup$1CommitCallback.onCommitted(android.view.SurfaceControl$Transaction) for 195ms
06-14 15:00:30.303   554  1250 W ActivityManager: Slow operation: 297ms so far, now at attachApplicationLocked: immediately after bindApplication
06-14 15:00:30.304   554  1250 W ActivityManager: Slow operation: 297ms so far, now at attachApplicationLocked: after updateLruProcessLocked
06-14 15:00:30.309   772   820 W Looper  : Drained
06-14 15:00:30.341   772   826 W Looper  : Drained
06-14 15:00:30.341   772   826 W Looper  : Slow dispatch took 43ms wmshell.anim h=android.view.Choreographer$FrameHandler c=android.view.Choreographer$FrameDisplayEventReceiver@5ad919e m=0
06-14 15:00:30.362  9560  9560 D CompatibilityChangeReporter: Compat change id reported: 171979766; UID 10193; state: ENABLED
06-14 15:00:30.363  9560  9560 D CompatibilityChangeReporter: Compat change id reported: 242716250; UID 10193; state: ENABLED
06-14 15:00:30.393   772   820 V WindowManagerShell: Transition animation finished (aborted=false), notifying core (#36)android.os.BinderProxy@57b37c4@0
06-14 15:00:30.408   554   576 V WindowManager: Finish Transition #36: created at 06-14 15:00:29.060 collect-started=0.07ms request-sent=112.512ms started=283.093ms ready=798.647ms sent=820.08ms finished=1346.312ms
06-14 15:00:30.415   772   820 V WindowManagerShell: Track 0 became idle
06-14 15:00:30.415   772   820 V WindowManagerShell: All active transition animations finished
06-14 15:00:30.418   554  2711 D CompatibilityChangeReporter: Compat change id reported: 170503758; UID 10193; state: ENABLED
06-14 15:00:30.496  9560  9560 D nativeloader: Configuring clns-6 for other apk /system/framework/org.apache.http.legacy.jar. target_sdk_version=35, uses_libraries=ALL, library_path=/data/app/~~bBhbCSn_OLcjKyZVkwXaTw==/com.jpm.app-jNLNiezqO9jY80TCw3G9jA==/lib/x86_64:/data/app/~~bBhbCSn_OLcjKyZVkwXaTw==/com.jpm.app-jNLNiezqO9jY80TCw3G9jA==/base.apk!/lib/x86_64, permitted_path=/data:/mnt/expand:/data/user/0/com.jpm.app
06-14 15:00:30.529  9560  9560 D nativeloader: Configuring clns-7 for other apk /data/app/~~bBhbCSn_OLcjKyZVkwXaTw==/com.jpm.app-jNLNiezqO9jY80TCw3G9jA==/base.apk. target_sdk_version=35, uses_libraries=, library_path=/data/app/~~bBhbCSn_OLcjKyZVkwXaTw==/com.jpm.app-jNLNiezqO9jY80TCw3G9jA==/lib/x86_64:/data/app/~~bBhbCSn_OLcjKyZVkwXaTw==/com.jpm.app-jNLNiezqO9jY80TCw3G9jA==/base.apk!/lib/x86_64, permitted_path=/data:/mnt/expand:/data/user/0/com.jpm.app
06-14 15:00:30.552  1068  1068 D AutofillManager: view is not autofillable - activity denied for autofill
06-14 15:00:30.564  9560  9560 V GraphicsEnvironment: Currently set values for:
06-14 15:00:30.566  9560  9560 V GraphicsEnvironment:   angle_gl_driver_selection_pkgs=[]
06-14 15:00:30.568  9560  9560 V GraphicsEnvironment:   angle_gl_driver_selection_values=[]
06-14 15:00:30.571  9560  9560 V GraphicsEnvironment: ANGLE GameManagerService for com.jpm.app: false
06-14 15:00:30.571  9560  9560 V GraphicsEnvironment: com.jpm.app is not listed in per-application setting
06-14 15:00:30.572  9560  9560 V GraphicsEnvironment: Neither updatable production driver nor prerelease driver is supported.
06-14 15:00:30.740  9560  9560 W FirebaseApp: Default FirebaseApp failed to initialize because no default options were found. This usually means that com.google.gms:google-services was not applied to your gradle project.
06-14 15:00:30.742  9560  9560 I FirebaseInitProvider: FirebaseApp initialization unsuccessful
06-14 15:00:30.783  9560  9560 D WM-WrkMgrInitializer: Initializing WorkManager with default configuration.
06-14 15:00:30.815   554  2711 D PackageManager: Instant App installer not found with android.intent.action.INSTALL_INSTANT_APP_PACKAGE
06-14 15:00:30.815   554  2711 D PackageManager: Clear ephemeral installer activity
06-14 15:00:30.922  9560  9560 W SoLoader: Initializing SoLoader: 0
06-14 15:00:30.935  9560  9560 W SoLoader: Recording new base apk path: /data/app/~~bBhbCSn_OLcjKyZVkwXaTw==/com.jpm.app-jNLNiezqO9jY80TCw3G9jA==/base.apk
06-14 15:00:30.935  9560  9560 W SoLoader: Previously recorded 0 base apk paths.
06-14 15:00:30.947  9560  9560 I SoLoader: Preparing SO source: DirectorySoSource[root = /vendor/lib64 flags = 2]
06-14 15:00:30.951  9560  9560 I SoLoader: Preparing SO source: DirectorySoSource[root = /system/lib64 flags = 2]
06-14 15:00:30.953  9560  9560 I SoLoader: Preparing SO source: DirectApkSoSource[root = [/data/app/~~bBhbCSn_OLcjKyZVkwXaTw==/com.jpm.app-jNLNiezqO9jY80TCw3G9jA==/base.apk!/lib/x86_64]]
06-14 15:00:30.983  9560  9560 I SoLoader: Preparing SO source: ApplicationSoSource[DirectorySoSource[root = /data/app/~~bBhbCSn_OLcjKyZVkwXaTw==/com.jpm.app-jNLNiezqO9jY80TCw3G9jA==/lib/x86_64 flags = 0]]
06-14 15:00:30.984  9560  9560 I SoLoader: init finish: 4 SO sources prepared
06-14 15:00:30.987  9560  9560 W SoLoader: SoLoader initialized: 8
06-14 15:00:31.124  9560  9580 D CompatibilityChangeReporter: Compat change id reported: 160794467; UID 10193; state: ENABLED
06-14 15:00:31.184  9560  9560 D jni_lib_merge: Entering merged library JNI_OnLoad.
06-14 15:00:31.184  9560  9560 D jni_lib_merge: Preparing 12 pre-merged libs (including stub)
06-14 15:00:31.185  9560  9560 D jni_lib_merge: Preparing to register libfabricjni_so.  onload_func: 0x721dd0cb1ba0
06-14 15:00:31.185  9560  9560 D jni_lib_merge: Preparing to register libreact_devsupportjni_so.  onload_func: 0x721dd0d8d530
06-14 15:00:31.187  9560  9560 D jni_lib_merge: Preparing to register libreact_featureflagsjni_so.  onload_func: 0x721dd0da00a0
06-14 15:00:31.187  9560  9560 D jni_lib_merge: Preparing to register libreact_newarchdefaults_so.  onload_func: 0x721dd0dc6fa0
06-14 15:00:31.188  9560  9560 D jni_lib_merge: Preparing to register libreactnativeblob_so.  onload_func: 0x721dd0e6ea50
06-14 15:00:31.188  9560  9560 D jni_lib_merge: Preparing to register libreactnativejni_so.  onload_func: 0x721dd0e898c0
06-14 15:00:31.189  9560  9560 D jni_lib_merge: Preparing to register libreactnativejni_common_so.  onload_func: 0x721dd0e90150
06-14 15:00:31.190  9560  9560 D jni_lib_merge: Preparing to register librninstance_so.  onload_func: 0x721dd0eae450
06-14 15:00:31.191  9560  9560 D jni_lib_merge: Preparing to register libturbomodulejsijni_so.  onload_func: 0x721dd0f59b80
06-14 15:00:31.192  9560  9560 D jni_lib_merge: Preparing to register libuimanagerjni_so.  onload_func: 0x721dd0f61ab0
06-14 15:00:31.192  9560  9560 D jni_lib_merge: Preparing to register libyoga_so.  onload_func: 0x721dd0f69130
06-14 15:00:31.192  9560  9560 D jni_lib_merge: About to register 11 actual methods.
06-14 15:00:31.222  9560  9560 D jni_lib_merge: Entering merged library JNI_OnLoad.
06-14 15:00:31.223  9560  9560 D jni_lib_merge: Preparing 12 pre-merged libs (including stub)
06-14 15:00:31.223  9560  9560 D jni_lib_merge: Preparing to register libfabricjni_so.  onload_func: 0x721dd0cb1ba0
06-14 15:00:31.224  9560  9560 D jni_lib_merge: Preparing to register libreact_devsupportjni_so.  onload_func: 0x721dd0d8d530
06-14 15:00:31.224  9560  9560 D jni_lib_merge: Preparing to register libreact_featureflagsjni_so.  onload_func: 0x721dd0da00a0
06-14 15:00:31.224  9560  9560 D jni_lib_merge: Preparing to register libreact_newarchdefaults_so.  onload_func: 0x721dd0dc6fa0
06-14 15:00:31.227  9560  9560 D jni_lib_merge: Preparing to register libreactnativeblob_so.  onload_func: 0x721dd0e6ea50
06-14 15:00:31.228  9560  9560 D jni_lib_merge: Preparing to register libreactnativejni_so.  onload_func: 0x721dd0e898c0
06-14 15:00:31.229  9560  9560 D jni_lib_merge: Preparing to register libreactnativejni_common_so.  onload_func: 0x721dd0e90150
06-14 15:00:31.231  9560  9560 D jni_lib_merge: Preparing to register librninstance_so.  onload_func: 0x721dd0eae450
06-14 15:00:31.231  9560  9560 D jni_lib_merge: Preparing to register libturbomodulejsijni_so.  onload_func: 0x721dd0f59b80
06-14 15:00:31.232  9560  9560 D jni_lib_merge: Preparing to register libuimanagerjni_so.  onload_func: 0x721dd0f61ab0
06-14 15:00:31.233  9560  9560 D jni_lib_merge: Preparing to register libyoga_so.  onload_func: 0x721dd0f69130
06-14 15:00:31.234  9560  9560 D jni_lib_merge: About to register 11 actual methods.
06-14 15:00:31.247  9560  9560 D jni_lib_merge: Entering merged library JNI_OnLoad.
06-14 15:00:31.248  9560  9560 D jni_lib_merge: Preparing 12 pre-merged libs (including stub)
06-14 15:00:31.248  9560  9560 D jni_lib_merge: Preparing to register libfabricjni_so.  onload_func: 0x721dd0cb1ba0
06-14 15:00:31.249  9560  9560 D jni_lib_merge: Preparing to register libreact_devsupportjni_so.  onload_func: 0x721dd0d8d530
06-14 15:00:31.251  9560  9560 D jni_lib_merge: Preparing to register libreact_featureflagsjni_so.  onload_func: 0x721dd0da00a0
06-14 15:00:31.252  9560  9560 D jni_lib_merge: Preparing to register libreact_newarchdefaults_so.  onload_func: 0x721dd0dc6fa0
06-14 15:00:31.252  9560  9560 D jni_lib_merge: Preparing to register libreactnativeblob_so.  onload_func: 0x721dd0e6ea50
06-14 15:00:31.253  9560  9560 D jni_lib_merge: Preparing to register libreactnativejni_so.  onload_func: 0x721dd0e898c0
06-14 15:00:31.253  9560  9560 D jni_lib_merge: Preparing to register libreactnativejni_common_so.  onload_func: 0x721dd0e90150
06-14 15:00:31.254  9560  9560 D jni_lib_merge: Preparing to register librninstance_so.  onload_func: 0x721dd0eae450
06-14 15:00:31.255  9560  9560 D jni_lib_merge: Preparing to register libturbomodulejsijni_so.  onload_func: 0x721dd0f59b80
06-14 15:00:31.256  9560  9560 D jni_lib_merge: Preparing to register libuimanagerjni_so.  onload_func: 0x721dd0f61ab0
06-14 15:00:31.256  9560  9560 D jni_lib_merge: Preparing to register libyoga_so.  onload_func: 0x721dd0f69130
06-14 15:00:31.258  9560  9560 D jni_lib_merge: About to register 11 actual methods.
06-14 15:00:31.296   554  2711 I ActivityManager: Flag disabled. Ignoring finishAttachApplication from uid: 10193. pid: 9560
06-14 15:00:31.405  9560  9560 D AppCompatDelegate: Checking for metadata for AppLocalesMetadataHolderService : Service not found
06-14 15:00:31.438  9560  9584 D libEGL  : loaded /vendor/lib64/egl/libEGL_emulation.so
06-14 15:00:31.461  9560  9584 D libEGL  : loaded /vendor/lib64/egl/libGLESv1_CM_emulation.so
06-14 15:00:31.491  9560  9584 D libEGL  : loaded /vendor/lib64/egl/libGLESv2_emulation.so
06-14 15:00:31.639  9560  9585 W dev.expo.updates: {"timestamp":1781438431619,"message":"The expo-updates system is explicitly disabled. To enable it, set the enabled setting to true.","code":"InitializationError","level":"warn"}
06-14 15:00:31.719  9560  9560 D CompatibilityChangeReporter: Compat change id reported: 237531167; UID 10193; state: DISABLED
06-14 15:00:31.734  9560  9560 W OpenGLRenderer: Unknown dataspace 0
06-14 15:00:31.792  9560  9560 I Choreographer: Skipped 53 frames!  The application may be doing too much work on its main thread.
06-14 15:00:31.810   554  1250 D CoreBackPreview: Window{8bab32 u0 com.jpm.app/com.jpm.app.MainActivity}: Setting back callback OnBackInvokedCallbackInfo{mCallback=android.window.IOnBackInvokedCallback$Stub$Proxy@2e6ea39, mPriority=0, mIsAnimationCallback=false}
06-14 15:00:31.869   421   650 W ServiceManagerCppClient: Permission failure: android.permission.ROTATE_SURFACE_FLINGER from uid=10193 pid=9560
06-14 15:00:31.879   421   650 D PermissionCache: checking android.permission.ROTATE_SURFACE_FLINGER for uid=10193 => denied (16344 us)
06-14 15:00:31.880   421   650 W ServiceManagerCppClient: Permission failure: android.permission.INTERNAL_SYSTEM_WINDOW from uid=10193 pid=9560
06-14 15:00:31.880   421   650 D PermissionCache: checking android.permission.INTERNAL_SYSTEM_WINDOW for uid=10193 => denied (954 us)
06-14 15:00:31.881   421   650 W ServiceManagerCppClient: Permission failure: android.permission.ACCESS_SURFACE_FLINGER from uid=10193 pid=9560
06-14 15:00:31.881   421   434 W ServiceManagerCppClient: Permission failure: android.permission.ROTATE_SURFACE_FLINGER from uid=10193 pid=0
06-14 15:00:31.882   421   650 D PermissionCache: checking android.permission.ACCESS_SURFACE_FLINGER for uid=10193 => denied (1030 us)
06-14 15:00:31.882   421   434 D PermissionCache: checking android.permission.ROTATE_SURFACE_FLINGER for uid=10193 => denied (22583 us)
06-14 15:00:31.997   554   641 I RoleService: Granting default roles...
06-14 15:00:32.012  9560  9582 W OpenGLRenderer: Failed to initialize 101010-2 format, error = EGL_SUCCESS
06-14 15:00:32.128   969   969 D CarrierSvcBindHelper: onPackageModified: com.jpm.app
06-14 15:00:32.131   969   969 D CarrierSvcBindHelper: No carrier app for: 0
06-14 15:00:32.184   891   891 V MediaPlayerList: mPackageChangedBroadcastReceiver: action: android.intent.action.PACKAGE_CHANGED
06-14 15:00:32.192   891   891 V MediaPlayerList: mPackageChangedBroadcastReceiver: action: android.intent.action.PACKAGE_CHANGED
06-14 15:00:32.202   554   641 D ActivityManager: sync unfroze 1388 com.google.android.permissioncontroller for 6
06-14 15:00:32.231   554   658 I InputReader: Reconfiguring input devices, changes=KEYBOARD_LAYOUTS
06-14 15:00:32.277   554   756 W Looper  : Slow dispatch took 188ms android.perm h=android.os.Handler c=com.android.internal.infra.ServiceConnector$Impl$$ExternalSyntheticLambda2@82df7f9 m=0
06-14 15:00:32.304   772   772 D ControlsListingControllerImpl: ServiceConfig reloaded, count: 0
06-14 15:00:32.322   772   870 D StylusManager: Stylus InputDevice changed: 13 virtio_input_multi_touch_10
06-14 15:00:32.322  1388  6875 I PermissionControllerServiceImpl: Updating user sensitive for uid 10193
06-14 15:00:32.330   772   870 D StylusManager: Stylus InputDevice changed: 12 virtio_input_multi_touch_9
06-14 15:00:32.348   772   870 D StylusManager: Stylus InputDevice changed: 10 virtio_input_multi_touch_7
--------- beginning of kernel
06-14 15:00:32.289     0     0 I servicemanager: Could not find android.hardware.graphics.allocator.IAllocator/default in the VINTF manifest.
06-14 15:00:32.403   772   870 D StylusManager: Stylus InputDevice changed: 7 virtio_input_multi_touch_4
06-14 15:00:32.427   772   870 D StylusManager: Stylus InputDevice changed: 6 virtio_input_multi_touch_3
06-14 15:00:32.443   969  1252 D ImsResolver: maybeAddedImsService, packageName: com.jpm.app
06-14 15:00:32.454   158   158 I hwservicemanager: getTransport: Cannot find entry android.hardware.graphics.mapper@4.0::IMapper/default in either framework or device VINTF manifest.
06-14 15:00:32.457  9560  9582 I Gralloc4: mapper 4.x is not supported
06-14 15:00:32.460   772   870 D StylusManager: Stylus InputDevice changed: 4 virtio_input_multi_touch_1
06-14 15:00:32.512   772   870 D StylusManager: Stylus InputDevice changed: 5 virtio_input_multi_touch_2
06-14 15:00:32.532   772   870 D StylusManager: Stylus InputDevice changed: 9 virtio_input_multi_touch_6
06-14 15:00:32.548   772   870 D StylusManager: Stylus InputDevice changed: 11 virtio_input_multi_touch_8
06-14 15:00:32.557   772   870 D StylusManager: Stylus InputDevice changed: 14 virtio_input_multi_touch_11
06-14 15:00:32.567   772   870 D StylusManager: Stylus InputDevice changed: 8 virtio_input_multi_touch_5
06-14 15:00:32.602  1437  1437 I AiAiEcho: AppFetcherImpl onPackageChanged com.jpm.app.
06-14 15:00:32.610  1437  9595 I AiAiEcho: AppIndexer Package:[com.jpm.app] UserProfile:[0] Enabled:[true].
06-14 15:00:32.619  1437  9595 I AiAiEcho: AppFetcherImplV2 updateApps package:[com.jpm.app], userId:[0], reason:[package is updated.].
06-14 15:00:32.619  1388  9589 E RoleControllerServiceImpl: Default/fallback role holder package doesn't qualify for the role, package: com.google.android.gms.supervision, role: android.app.role.SYSTEM_SUPERVISION
06-14 15:00:32.655   554  2004 D ActivityManager: sync unfroze 1535 com.google.android.gms for 6
06-14 15:00:32.655  1388  9589 I Role    : com.google.android.gms not qualified for android.app.role.SYSTEM_CALL_STREAMING due to missing RequiredComponent{mIntentFilterData=IntentFilterData{mAction='android.telecom.CallStreamingService', mCategories='[]', mDataScheme='null', mDataType='null'}, mMinTargetSdkVersion=1, mFlags='0', mPermission='android.permission.BIND_CALL_STREAMING_SERVICE', mQueryFlags=0, mMetaData=[]}
06-14 15:00:32.657  1388  9589 E RoleControllerServiceImpl: Default/fallback role holder package doesn't qualify for the role, package: com.google.android.gms, role: android.app.role.SYSTEM_CALL_STREAMING
06-14 15:00:32.687   554  1476 E TaskPersister: File error accessing recents directory (directory doesn't exist?).
06-14 15:00:32.687  1388  9589 W Role    : Default holder doesn't have required signing certificate: com.google.android.apps.work.clouddpc:23962F4B43B9857638EA66F4D419518EAE282491ACDA4B94707BD59003C45E58
06-14 15:00:32.702  3340  9594 I Fitness : OnPackageChangedOperation got intent: Intent { act=android.intent.action.PACKAGE_CHANGED dat=package: flg=0x45000010 pkg=com.google.android.gms cmp=com.google.android.gms/.chimera.PersistentIntentOperationService (has extras) } [CONTEXT service_id=17 ]
06-14 15:00:32.754  3340  9598 I Fitness : FitCleanupIntentOperation received Intent android.intent.action.PACKAGE_CHANGED [CONTEXT service_id=17 ]
06-14 15:00:32.814   554   959 D CompatibilityChangeReporter: Compat change id reported: 161252188; UID 10193; state: DISABLED
06-14 15:00:32.953   554  1250 W ServiceManagerCppClient: Permission failure: android.permission.ROTATE_SURFACE_FLINGER from uid=10193 pid=0
06-14 15:00:32.953   554  1250 D PermissionCache: checking android.permission.ROTATE_SURFACE_FLINGER for uid=10193 => denied (393 us)
06-14 15:00:32.953   554  1250 W ServiceManagerCppClient: Permission failure: android.permission.INTERNAL_SYSTEM_WINDOW from uid=10193 pid=0
06-14 15:00:32.954   554  1250 D PermissionCache: checking android.permission.INTERNAL_SYSTEM_WINDOW for uid=10193 => denied (346 us)
06-14 15:00:32.973  3340  4448 W ChimeraUtils: Module com.google.android.gms.nearby_en missing resource null(0)
06-14 15:00:32.975   554  1250 W ServiceManagerCppClient: Permission failure: android.permission.ACCESS_SURFACE_FLINGER from uid=10193 pid=0
06-14 15:00:32.975   554  1250 D PermissionCache: checking android.permission.ACCESS_SURFACE_FLINGER for uid=10193 => denied (470 us)
06-14 15:00:32.998  9560  9577 I OpenGLRenderer: Davey! duration=2018ms; Flags=1, FrameTimelineVsyncId=4599128, IntendedVsync=16260566897276, Vsync=16261450230574, InputEventId=0, HandleInputStart=16261454957012, AnimationStart=16261455017812, PerformTraversalsStart=16261455652612, DrawStart=16262201774512, FrameDeadline=16260583563942, FrameInterval=16261452288212, FrameStartTime=16666666, SyncQueued=16262203849412, SyncStart=16262205924912, IssueDrawCommandsStart=16262213076112, SwapBuffers=16262216386612, FrameCompleted=16262587258512, DequeueBufferDuration=73100, QueueBufferDuration=3667400, GpuCompleted=16262579899912, SwapBuffersCompleted=16262587258512, DisplayPresentTime=0, CommandSubmissionCompleted=16262216386612, 
06-14 15:00:33.123  9560  9560 W unknown:BridgelessReact: ReactHost{0}.startSurface(surfaceId = 0): Schedule
06-14 15:00:33.125  9560  9560 W unknown:BridgelessReact: ReactHost{0}.attachSurface(surfaceId = 0)
06-14 15:00:33.131  9560  9609 W unknown:BridgelessReact: ReactHost{0}.getOrCreateReactInstanceTask()
06-14 15:00:33.139  9560  9609 W unknown:BridgelessReact: ReactHost{0}.getOrCreateReactInstanceTask(): Start
06-14 15:00:33.164  9560  9609 W unknown:BridgelessReact: ReactHost{0}.getJSBundleLoader()
06-14 15:00:33.222  3340  4448 W ChimeraUtils: Module com.google.android.gms.nearby_en missing resource null(0)
06-14 15:00:33.259   759   759 I wpa_supplicant: wlan0: CTRL-EVENT-BEACON-LOSS 
06-14 15:00:33.280   554   576 I ActivityTaskManager: Displayed com.jpm.app/.MainActivity for user 0: +3s955ms
06-14 15:00:33.282   554   576 W Looper  : Slow dispatch took 239ms android.fg h=android.os.Handler c=com.android.server.wm.ActivityMetricsLogger$$ExternalSyntheticLambda0@cd6bd62 m=0
06-14 15:00:33.294  9560  9609 W unknown:BridgelessReact: ReactHost{0}.getOrCreateReactContext(): Creating BridgelessReactContext
06-14 15:00:33.316  9560  9609 W unknown:BridgelessReact: ReactHost{0}.getOrCreateReactInstanceTask(): Creating ReactInstance
06-14 15:00:33.363  9560  9560 W unknown:BridgelessReact: ReactHost{0}.onHostResume(activity)
06-14 15:00:33.363  9560  9560 W unknown:BridgelessReact: ReactContext.onHostResume()
06-14 15:00:33.389  9560  9560 I Choreographer: Skipped 85 frames!  The application may be doing too much work on its main thread.
06-14 15:00:33.483   554   605 W system_server: Long monitor contention with owner binder:554_C (1250) at void com.android.server.power.PowerManagerService.acquireWakeLockInternal(android.os.IBinder, int, int, java.lang.String, java.lang.String, android.os.WorkSource, java.lang.String, int, int, android.os.IWakeLockCallback)(PowerManagerService.java:1633) waiters=0 in void com.android.server.power.PowerManagerService.handleSandman(int) for 216ms
06-14 15:00:33.495   772   873 D EGL_emulation: app_time_stats: avg=33397.58ms min=33397.58ms max=33397.58ms count=1
06-14 15:00:33.534  3340  4448 W ChimeraUtils: Module com.google.android.gms.nearby_en missing resource null(0)
06-14 15:00:33.616   554  1250 D CompatibilityChangeReporter: Compat change id reported: 214016041; UID 10193; state: ENABLED
06-14 15:00:33.619   554  1250 I ImeTracker: com.jpm.app:2654f57f: onRequestHide at ORIGIN_SERVER_HIDE_INPUT reason HIDE_UNSPECIFIED_WINDOW
06-14 15:00:33.622   554  1250 I ImeTracker: com.jpm.app:2654f57f: onCancelled at PHASE_SERVER_SHOULD_HIDE
06-14 15:00:33.671  9560  9609 D jni_lib_merge: Entering merged library JNI_OnLoad.
06-14 15:00:33.691  9560  9609 D jni_lib_merge: Preparing 4 pre-merged libs (including stub)
06-14 15:00:33.692  9560  9609 D jni_lib_merge: Preparing to register libhermes_executor_so.  onload_func: 0x721dcd75b730
06-14 15:00:33.692  9560  9609 D jni_lib_merge: Preparing to register libhermesinstancejni_so.  onload_func: 0x721dcd762db0
06-14 15:00:33.692  9560  9609 D jni_lib_merge: Preparing to register libjsijniprofiler_so.  onload_func: 0x721dcd763540
06-14 15:00:33.692  9560  9609 D jni_lib_merge: About to register 3 actual methods.
06-14 15:00:33.717  9560  9577 I OpenGLRenderer: Davey! duration=1561ms; Flags=0, FrameTimelineVsyncId=4599203, IntendedVsync=16261616897234, Vsync=16263033563844, InputEventId=0, HandleInputStart=16263069062612, AnimationStart=16263069130012, PerformTraversalsStart=16263069206612, DrawStart=16263075917812, FrameDeadline=16262600230528, FrameInterval=16263049103612, FrameStartTime=16666666, SyncQueued=16263079657512, SyncStart=16263080016212, IssueDrawCommandsStart=16263080311012, SwapBuffers=16263084391112, FrameCompleted=16263179229612, DequeueBufferDuration=60800, QueueBufferDuration=66150800, GpuCompleted=16263178255512, SwapBuffersCompleted=16263179229612, DisplayPresentTime=356482285568, CommandSubmissionCompleted=16263084391112, 
06-14 15:00:33.804  2315  2315 I GoogleInputMethodService: GoogleInputMethodService.onFinishInput():3227 
06-14 15:00:33.807  1068  1790 D OneSearchSuggestProvider: Shut down the binder channel
06-14 15:00:33.814  1068  9177 I IPCThreadState: oneway function results for code 2 on binder at 0x721ebf7be940 will be dropped but finished with status UNKNOWN_TRANSACTION
06-14 15:00:33.826  2315  2315 I GoogleInputMethodService: GoogleInputMethodService.updateDeviceLockedStatus():2087 repeatCheckTimes = 0, unlocked = true
06-14 15:00:33.831  2315  2315 I GoogleInputMethodService: GoogleInputMethodService.onStartInput():1877 onStartInput(EditorInfo{inputType=0x0(NULL) imeOptions=0x0 privateImeOptions=null actionName=UNSPECIFIED actionLabel=null actionId=0 initialSelStart=-1 initialSelEnd=-1 initialCapsMode=0x0 hintText=null label=null packageName=com.jpm.app fieldId=0 fieldName=null extras=null}, false)
06-14 15:00:33.832  2315  2315 I GoogleInputMethodService: GoogleInputMethodService.shouldHideHeaderOnInitialState():4008 ShouldHideHeaderOnInitialState = false
06-14 15:00:33.859  9560  9609 I QuickCrypto: Loading C++ library...
06-14 15:00:33.887   554   577 W Looper  : Slow dispatch took 125ms android.ui h=com.android.server.am.ActivityManagerService$UiHandler c=com.android.server.am.UidObserverController$$ExternalSyntheticLambda0@4bf7be5 m=0
06-14 15:00:33.931  2315  2315 I GoogleInputMethodService: GoogleInputMethodService.updateDeviceLockedStatus():2087 repeatCheckTimes = 2, unlocked = true
06-14 15:00:34.004  3340  3755 I FontLog : Received query Noto Color Emoji Compat, URI content://com.google.android.gms.fonts [CONTEXT service_id=132 ]
06-14 15:00:34.064  9560  9609 I QuickCrypto: Successfully loaded C++ library!
06-14 15:00:34.068   772   828 W WindowOnBackDispatcher: sendCancelIfRunning: isInProgress=falsecallback=android.view.ViewRootImpl$$ExternalSyntheticLambda17@bf2feb
06-14 15:00:34.070   891  1178 D BtGatt.ScanManager: uid 10124 isForeground true scanMode -1
06-14 15:00:34.071   891  1178 D BtGatt.ScanManager: uid 10124 isForeground true scanMode -1
06-14 15:00:34.071   554   763 W InputManager-JNI: Input channel object 'cde026e Splash Screen com.jpm.app (client)' was disposed without first being removed with the input manager!
06-14 15:00:34.083   554  1134 D CoreBackPreview: Window{cde026e u0 Splash Screen com.jpm.app EXITING}: Setting back callback null
06-14 15:00:34.103   554   588 W system_server: Long monitor contention with owner binder:554_2 (573) at android.util.Pair com.android.server.am.ProcessList.getNumForegroundServices()(ProcessList.java:5416) waiters=3 in boolean com.android.server.am.BroadcastQueueModernImpl.lambda$new$0(android.os.Message) for 255ms
06-14 15:00:34.104   554  2013 W system_server: Long monitor contention with owner binder:554_2 (573) at android.util.Pair com.android.server.am.ProcessList.getNumForegroundServices()(ProcessList.java:5416) waiters=4 in boolean com.android.server.am.ActivityManagerService.stopServiceToken(android.content.ComponentName, android.os.IBinder, int) for 256ms
06-14 15:00:34.168  3340  3755 I FontLog : Query [emojicompat-emoji-font] resolved to {Noto Color Emoji Compat, wdth 100.0, wght 400, ital 0.0, bestEffort false} [CONTEXT service_id=132 ]
06-14 15:00:34.234  1068  1135 I ImeTracker: com.google.android.apps.nexuslauncher:3319d368: onRequestHide at ORIGIN_CLIENT_HIDE_SOFT_INPUT reason HIDE_SOFT_INPUT
06-14 15:00:34.245  1068  1135 I ImeTracker: com.google.android.apps.nexuslauncher:3319d368: onFailed at PHASE_CLIENT_VIEW_SERVED
06-14 15:00:34.298   554  1250 D CompatibilityChangeReporter: Compat change id reported: 161145287; UID 10193; state: ENABLED
06-14 15:00:34.304  3340  3755 I FontLog : Fetch {Noto Color Emoji Compat, wdth 100.0, wght 400, ital 0.0, bestEffort false} end status Status{statusCode=SUCCESS, resolution=null} [CONTEXT service_id=132 ]
06-14 15:00:34.370  3340  4518 I FontLog : Pulling font file for id = 18, cache size = 8 [CONTEXT service_id=132 ]
06-14 15:00:34.410   554   554 W Looper  : Slow dispatch took 154ms main h=android.os.Handler c=<recycled PooledLambda@cfd30c5> m=0
06-14 15:00:34.519  1535  2955 I Icing   : IndexChimeraService.getServiceInterface callingPackage=com.google.android.gms componentName=AppsCorpus serviceId=36
06-14 15:00:34.603  3340  3377 I FontLog : Pulling font file for id = 18, cache size = 8 [CONTEXT service_id=132 ]
06-14 15:00:34.677  1535  4432 W Icing   : No valid account for uploading user actions
06-14 15:00:34.712   554   573 W ProcessStats: Tracking association SourceState{c8aff53 com.google.android.gms.persistent/10124 BTop #7626} whose proc state 2 is better than process ProcessState{9ae898b com.google.android.gms/10124 pkg=com.google.android.gms} proc state 8 (10 skipped)
06-14 15:00:34.767  1535  4432 I Icing   : Usage reports ok 1, Failed Usage reports 0, indexed 0, rejected 0
--------- beginning of crash
